Archive member included to satisfy reference by file (symbol)

C:/ST/HAL_Tutorial_XT/Tutorial_FreeRTOS_2/FreeMaster_Tutorial/Middlewares/ST/ARM/DSP/Lib/libarm_cortexM4lf_math.a(arm_mat_trans_f32.o)
                              CMakeFiles/FreeMaster_Tutorial.elf.dir/Bsp/Gyro/Algorithm/QuaternionEKF.c.obj (arm_mat_trans_f32)
C:/ST/HAL_Tutorial_XT/Tutorial_FreeRTOS_2/FreeMaster_Tutorial/Middlewares/ST/ARM/DSP/Lib/libarm_cortexM4lf_math.a(arm_mat_sub_f32.o)
                              CMakeFiles/FreeMaster_Tutorial.elf.dir/Bsp/Gyro/Algorithm/QuaternionEKF.c.obj (arm_mat_sub_f32)
C:/ST/HAL_Tutorial_XT/Tutorial_FreeRTOS_2/FreeMaster_Tutorial/Middlewares/ST/ARM/DSP/Lib/libarm_cortexM4lf_math.a(arm_mat_mult_f32.o)
                              CMakeFiles/FreeMaster_Tutorial.elf.dir/Bsp/Gyro/Algorithm/QuaternionEKF.c.obj (arm_mat_mult_f32)
C:/ST/HAL_Tutorial_XT/Tutorial_FreeRTOS_2/FreeMaster_Tutorial/Middlewares/ST/ARM/DSP/Lib/libarm_cortexM4lf_math.a(arm_mat_inverse_f32.o)
                              CMakeFiles/FreeMaster_Tutorial.elf.dir/Bsp/Gyro/Algorithm/QuaternionEKF.c.obj (arm_mat_inverse_f32)
C:/ST/HAL_Tutorial_XT/Tutorial_FreeRTOS_2/FreeMaster_Tutorial/Middlewares/ST/ARM/DSP/Lib/libarm_cortexM4lf_math.a(arm_mat_init_f32.o)
                              CMakeFiles/FreeMaster_Tutorial.elf.dir/Bsp/Gyro/Algorithm/QuaternionEKF.c.obj (arm_mat_init_f32)
C:/ST/HAL_Tutorial_XT/Tutorial_FreeRTOS_2/FreeMaster_Tutorial/Middlewares/ST/ARM/DSP/Lib/libarm_cortexM4lf_math.a(arm_mat_add_f32.o)
                              CMakeFiles/FreeMaster_Tutorial.elf.dir/Bsp/Gyro/Algorithm/QuaternionEKF.c.obj (arm_mat_add_f32)
C:/ST/HAL_Tutorial_XT/Tutorial_FreeRTOS_2/FreeMaster_Tutorial/Middlewares/ST/ARM/DSP/Lib/libarm_cortexM4lf_math.a(arm_sin_f32.o)
                              CMakeFiles/FreeMaster_Tutorial.elf.dir/Core/Tasks/ins_task.c.obj (arm_sin_f32)
C:/ST/HAL_Tutorial_XT/Tutorial_FreeRTOS_2/FreeMaster_Tutorial/Middlewares/ST/ARM/DSP/Lib/libarm_cortexM4lf_math.a(arm_cos_f32.o)
                              CMakeFiles/FreeMaster_Tutorial.elf.dir/Core/Tasks/ins_task.c.obj (arm_cos_f32)
C:/ST/HAL_Tutorial_XT/Tutorial_FreeRTOS_2/FreeMaster_Tutorial/Middlewares/ST/ARM/DSP/Lib/libarm_cortexM4lf_math.a(arm_common_tables.o)
                              C:/ST/HAL_Tutorial_XT/Tutorial_FreeRTOS_2/FreeMaster_Tutorial/Middlewares/ST/ARM/DSP/Lib/libarm_cortexM4lf_math.a(arm_sin_f32.o) (sinTable_f32)
C:/ST/STM32CubeCLT_1.19.0/GNU-tools-for-STM32/bin/../lib/gcc/arm-none-eabi/13.3.1/thumb/v7e-m+fp/hard\libgcc.a(_arm_muldf3.o)
                              CMakeFiles/FreeMaster_Tutorial.elf.dir/Bsp/Gyro/Devices/transfer_function.c.obj (__aeabi_dmul)
C:/ST/STM32CubeCLT_1.19.0/GNU-tools-for-STM32/bin/../lib/gcc/arm-none-eabi/13.3.1/thumb/v7e-m+fp/hard\libgcc.a(_arm_addsubdf3.o)
                              CMakeFiles/FreeMaster_Tutorial.elf.dir/Bsp/Gyro/Devices/transfer_function.c.obj (__aeabi_dsub)
C:/ST/STM32CubeCLT_1.19.0/GNU-tools-for-STM32/bin/../lib/gcc/arm-none-eabi/13.3.1/thumb/v7e-m+fp/hard\libgcc.a(_arm_muldivdf3.o)
                              CMakeFiles/FreeMaster_Tutorial.elf.dir/Bsp/Gyro/Devices/transfer_function.c.obj (__aeabi_ddiv)
C:/ST/STM32CubeCLT_1.19.0/GNU-tools-for-STM32/bin/../lib/gcc/arm-none-eabi/13.3.1/thumb/v7e-m+fp/hard\libgcc.a(_arm_truncdfsf2.o)
                              CMakeFiles/FreeMaster_Tutorial.elf.dir/Bsp/Gyro/Controller/controller.c.obj (__aeabi_d2f)
C:/ST/STM32CubeCLT_1.19.0/GNU-tools-for-STM32/bin/../lib/gcc/arm-none-eabi/13.3.1/thumb/v7e-m+fp/hard\libgcc.a(_aeabi_uldivmod.o)
                              CMakeFiles/FreeMaster_Tutorial.elf.dir/Bsp/bsp_dwt.c.obj (__aeabi_uldivmod)
C:/ST/STM32CubeCLT_1.19.0/GNU-tools-for-STM32/bin/../lib/gcc/arm-none-eabi/13.3.1/thumb/v7e-m+fp/hard\libgcc.a(_udivmoddi4.o)
                              C:/ST/STM32CubeCLT_1.19.0/GNU-tools-for-STM32/bin/../lib/gcc/arm-none-eabi/13.3.1/thumb/v7e-m+fp/hard\libgcc.a(_aeabi_uldivmod.o) (__udivmoddi4)
C:/ST/STM32CubeCLT_1.19.0/GNU-tools-for-STM32/bin/../lib/gcc/arm-none-eabi/13.3.1/thumb/v7e-m+fp/hard\libgcc.a(_dvmd_tls.o)
                              C:/ST/STM32CubeCLT_1.19.0/GNU-tools-for-STM32/bin/../lib/gcc/arm-none-eabi/13.3.1/thumb/v7e-m+fp/hard\libgcc.a(_aeabi_uldivmod.o) (__aeabi_ldiv0)
C:/ST/STM32CubeCLT_1.19.0/GNU-tools-for-STM32/bin/../lib/gcc/arm-none-eabi/13.3.1/../../../../arm-none-eabi/lib/thumb/v7e-m+fp/hard\libg.a(libc_a-exit.o)
                              C:/ST/STM32CubeCLT_1.19.0/GNU-tools-for-STM32/bin/../lib/gcc/arm-none-eabi/13.3.1/../../../../arm-none-eabi/lib/thumb/v7e-m+fp/hard/crt0.o (exit)
C:/ST/STM32CubeCLT_1.19.0/GNU-tools-for-STM32/bin/../lib/gcc/arm-none-eabi/13.3.1/../../../../arm-none-eabi/lib/thumb/v7e-m+fp/hard\libg.a(libc_a-malloc.o)
                              CMakeFiles/FreeMaster_Tutorial.elf.dir/Bsp/Gyro/kalman_filter.c.obj (malloc)
[...]
Memory Configuration

Name             Origin             Length             Attributes
CCMRAM           0x10000000         0x00010000         xrw
RAM              0x20000000         0x00020000         xrw
FLASH            0x08000000         0x00100000         xr
*default*        0x00000000         0xffffffff

Linker script and memory map

LOAD C:/ST/STM32CubeCLT_1.19.0/GNU-tools-for-STM32/bin/../lib/gcc/arm-none-eabi/13.3.1/thumb/v7e-m+fp/hard/crti.o
LOAD C:/ST/STM32CubeCLT_1.19.0/GNU-tools-for-STM32/bin/../lib/gcc/arm-none-eabi/13.3.1/thumb/v7e-m+fp/hard/crtbegin.o
LOAD C:/ST/STM32CubeCLT_1.19.0/GNU-tools-for-STM32/bin/../lib/gcc/arm-none-eabi/13.3.1/../../../../arm-none-eabi/lib/thumb/v7e-m+fp/hard/crt0.o
LOAD CMakeFiles/FreeMaster_Tutorial.elf.dir/Bsp/Gyro/Algorithm/QuaternionEKF.c.obj
LOAD CMakeFiles/FreeMaster_Tutorial.elf.dir/Bsp/Gyro/Controller/controller.c.obj
LOAD CMakeFiles/FreeMaster_Tutorial.elf.dir/Bsp/Gyro/Devices/BMI088Middleware.c.obj
LOAD CMakeFiles/FreeMaster_Tutorial.elf.dir/Bsp/Gyro/Devices/BMI088driver.c.obj
LOAD CMakeFiles/FreeMaster_Tutorial.elf.dir/Bsp/Gyro/Devices/transfer_function.c.obj
LOAD CMakeFiles/FreeMaster_Tutorial.elf.dir/Bsp/Gyro/kalman_filter.c.obj
LOAD CMakeFiles/FreeMaster_Tutorial.elf.dir/Bsp/Gyro/user_lib.c.obj
LOAD CMakeFiles/FreeMaster_Tutorial.elf.dir/Bsp/bsp_PWM.c.obj
LOAD CMakeFiles/FreeMaster_Tutorial.elf.dir/Bsp/bsp_dwt.c.obj
LOAD CMakeFiles/FreeMaster_Tutorial.elf.dir/Core/Src/dma.c.obj
LOAD CMakeFiles/FreeMaster_Tutorial.elf.dir/Core/Src/freertos.c.obj
LOAD CMakeFiles/FreeMaster_Tutorial.elf.dir/Core/Src/gpio.c.obj
LOAD CMakeFiles/FreeMaster_Tutorial.elf.dir/Core/Src/main.c.obj
LOAD CMakeFiles/FreeMaster_Tutorial.elf.dir/Core/Src/spi.c.obj
LOAD CMakeFiles/FreeMaster_Tutorial.elf.dir/Core/Src/stm32f4xx_hal_msp.c.obj
LOAD CMakeFiles/FreeMaster_Tutorial.elf.dir/Core/Src/stm32f4xx_hal_timebase_tim.c.obj
LOAD CMakeFiles/FreeMaster_Tutorial.elf.dir/Core/Src/stm32f4xx_it.c.obj
LOAD CMakeFiles/FreeMaster_Tutorial.elf.dir/Core/Src/syscalls.c.obj
LOAD CMakeFiles/FreeMaster_Tutorial.elf.dir/Core/Src/sysmem.c.obj
LOAD CMakeFiles/FreeMaster_Tutorial.elf.dir/Core/Src/system_stm32f4xx.c.obj
LOAD CMakeFiles/FreeMaster_Tutorial.elf.dir/Core/Src/tim.c.obj
LOAD CMakeFiles/FreeMaster_Tutorial.elf.dir/Core/Startup/startup_stm32f407ighx.s.obj
LOAD CMakeFiles/FreeMaster_Tutorial.elf.dir/Core/Tasks/ins_task.c.obj
LOAD CMakeFiles/FreeMaster_Tutorial.elf.dir/Core/Tasks/led_tasks.c.obj
LOAD CMakeFiles/FreeMaster_Tutorial.elf.dir/Drivers/STM32F4xx_HAL_Driver/Src/stm32f4xx_hal.c.obj
LOAD CMakeFiles/FreeMaster_Tutorial.elf.dir/Drivers/STM32F4xx_HAL_Driver/Src/stm32f4xx_hal_cortex.c.obj
LOAD CMakeFiles/FreeMaster_Tutorial.elf.dir/Drivers/STM32F4xx_HAL_Driver/Src/stm32f4xx_hal_dma.c.obj
LOAD CMakeFiles/FreeMaster_Tutorial.elf.dir/Drivers/STM32F4xx_HAL_Driver/Src/stm32f4xx_hal_dma_ex.c.obj
LOAD CMakeFiles/FreeMaster_Tutorial.elf.dir/Drivers/STM32F4xx_HAL_Driver/Src/stm32f4xx_hal_exti.c.obj
LOAD CMakeFiles/FreeMaster_Tutorial.elf.dir/Drivers/STM32F4xx_HAL_Driver/Src/stm32f4xx_hal_flash.c.obj
LOAD CMakeFiles/FreeMaster_Tutorial.elf.dir/Drivers/STM32F4xx_HAL_Driver/Src/stm32f4xx_hal_flash_ex.c.obj
LOAD CMakeFiles/FreeMaster_Tutorial.elf.dir/Drivers/STM32F4xx_HAL_Driver/Src/stm32f4xx_hal_flash_ramfunc.c.obj
LOAD CMakeFiles/FreeMaster_Tutorial.elf.dir/Drivers/STM32F4xx_HAL_Driver/Src/stm32f4xx_hal_gpio.c.obj
LOAD CMakeFiles/FreeMaster_Tutorial.elf.dir/Drivers/STM32F4xx_HAL_Driver/Src/stm32f4xx_hal_pwr.c.obj
LOAD CMakeFiles/FreeMaster_Tutorial.elf.dir/Drivers/STM32F4xx_HAL_Driver/Src/stm32f4xx_hal_pwr_ex.c.obj
LOAD CMakeFiles/FreeMaster_Tutorial.elf.dir/Drivers/STM32F4xx_HAL_Driver/Src/stm32f4xx_hal_rcc.c.obj
LOAD CMakeFiles/FreeMaster_Tutorial.elf.dir/Drivers/STM32F4xx_HAL_Driver/Src/stm32f4xx_hal_rcc_ex.c.obj
LOAD CMakeFiles/FreeMaster_Tutorial.elf.dir/Drivers/STM32F4xx_HAL_Driver/Src/stm32f4xx_hal_spi.c.obj
LOAD CMakeFiles/FreeMaster_Tutorial.elf.dir/Drivers/STM32F4xx_HAL_Driver/Src/stm32f4xx_hal_tim.c.obj
LOAD CMakeFiles/FreeMaster_Tutorial.elf.dir/Drivers/STM32F4xx_HAL_Driver/Src/stm32f4xx_hal_tim_ex.c.obj
LOAD CMakeFiles/FreeMaster_Tutorial.elf.dir/Middlewares/Third_Party/FreeRTOS/Source/CMSIS_RTOS_V2/cmsis_os2.c.obj
LOAD CMakeFiles/FreeMaster_Tutorial.elf.dir/Middlewares/Third_Party/FreeRTOS/Source/croutine.c.obj
LOAD CMakeFiles/FreeMaster_Tutorial.elf.dir/Middlewares/Third_Party/FreeRTOS/Source/event_groups.c.obj
LOAD CMakeFiles/FreeMaster_Tutorial.elf.dir/Middlewares/Third_Party/FreeRTOS/Source/list.c.obj
LOAD CMakeFiles/FreeMaster_Tutorial.elf.dir/Middlewares/Third_Party/FreeRTOS/Source/portable/GCC/ARM_CM4F/port.c.obj
LOAD CMakeFiles/FreeMaster_Tutorial.elf.dir/Middlewares/Third_Party/FreeRTOS/Source/portable/MemMang/heap_4.c.obj
LOAD CMakeFiles/FreeMaster_Tutorial.elf.dir/Middlewares/Third_Party/FreeRTOS/Source/queue.c.obj
LOAD CMakeFiles/FreeMaster_Tutorial.elf.dir/Middlewares/Third_Party/FreeRTOS/Source/stream_buffer.c.obj
LOAD CMakeFiles/FreeMaster_Tutorial.elf.dir/Middlewares/Third_Party/FreeRTOS/Source/tasks.c.obj
LOAD CMakeFiles/FreeMaster_Tutorial.elf.dir/Middlewares/Third_Party/FreeRTOS/Source/timers.c.obj
LOAD C:/ST/HAL_Tutorial_XT/Tutorial_FreeRTOS_2/FreeMaster_Tutorial/Middlewares/ST/ARM/DSP/Lib/libarm_cortexM4lf_math.a
START GROUP
LOAD C:/ST/STM32CubeCLT_1.19.0/GNU-tools-for-STM32/bin/../lib/gcc/arm-none-eabi/13.3.1/thumb/v7e-m+fp/hard\libgcc.a
LOAD C:/ST/STM32CubeCLT_1.19.0/GNU-tools-for-STM32/bin/../lib/gcc/arm-none-eabi/13.3.1/../../../../arm-none-eabi/lib/thumb/v7e-m+fp/hard\libg.a
LOAD C:/ST/STM32CubeCLT_1.19.0/GNU-tools-for-STM32/bin/../lib/gcc/arm-none-eabi/13.3.1/../../../../arm-none-eabi/lib/thumb/v7e-m+fp/hard\libc.a
END GROUP
LOAD C:/ST/STM32CubeCLT_1.19.0/GNU-tools-for-STM32/bin/../lib/gcc/arm-none-eabi/13.3.1/thumb/v7e-m+fp/hard/crtend.o
LOAD C:/ST/STM32CubeCLT_1.19.0/GNU-tools-for-STM32/bin/../lib/gcc/arm-none-eabi/13.3.1/thumb/v7e-m+fp/hard/crtn.o
                0x20020000                        _estack = (ORIGIN (RAM) + LENGTH (RAM))
                0x00000200                        _Min_Heap_Size = 0x200
                0x00000400                        _Min_Stack_Size = 0x400

.isr_vector     0x08000000      0x188
                0x08000000                        . = ALIGN (0x4)
 *(.isr_vector)
 .isr_vector    0x08000000      0x188 CMakeFiles/FreeMaster_Tutorial.elf.dir/Core/Startup/startup_stm32f407ighx.s.obj
                0x08000000                g_pfnVectors
                0x08000188                        . = ALIGN (0x4)

.text           0x08000190     0x74a0
                0x08000190                        . = ALIGN (0x4)
 *(.text)
 .text          0x08000190       0x40 C:/ST/STM32CubeCLT_1.19.0/GNU-tools-for-STM32/bin/../lib/gcc/arm-none-eabi/13.3.1/thumb/v7e-m+fp/hard/crtbegin.o
 .text          0x080001d0       0x30 C:/ST/STM32CubeCLT_1.19.0/GNU-tools-for-STM32/bin/../lib/gcc/arm-none-eabi/13.3.1/thumb/v7e-m+fp/hard\libgcc.a(_aeabi_uldivmod.o)
                0x080001d0                __aeabi_uldivmod
 .text          0x08000200      0x2f8 C:/ST/STM32CubeCLT_1.19.0/GNU-tools-for-STM32/bin/../lib/gcc/arm-none-eabi/13.3.1/thumb/v7e-m+fp/hard\libgcc.a(_udivmoddi4.o)
                0x08000200                __udivmoddi4
 .text          0x080004f8        0x4 C:/ST/STM32CubeCLT_1.19.0/GNU-tools-for-STM32/bin/../lib/gcc/arm-none-eabi/13.3.1/thumb/v7e-m+fp/hard\libgcc.a(_dvmd_tls.o)
                0x080004f8                __aeabi_idiv0
                0x080004f8                __aeabi_ldiv0
 *(.text*)
 .text.invSqrt  0x080004fc       0x30 CMakeFiles/FreeMaster_Tutorial.elf.dir/Bsp/Gyro/Algorithm/QuaternionEKF.c.obj
 .text.IMU_QuaternionEKF_F_Linearization_P_Fading
                0x0800052c      0x1a0 CMakeFiles/FreeMaster_Tutorial.elf.dir/Bsp/Gyro/Algorithm/QuaternionEKF.c.obj
 .text.IMU_QuaternionEKF_Observe
                0x080006cc       0x38 CMakeFiles/FreeMaster_Tutorial.elf.dir/Bsp/Gyro/Algorithm/QuaternionEKF.c.obj
 .text.IMU_QuaternionEKF_xhatUpdate
                0x08000704      0x444 CMakeFiles/FreeMaster_Tutorial.elf.dir/Bsp/Gyro/Algorithm/QuaternionEKF.c.obj
 .text.IMU_QuaternionEKF_SetH
                0x08000b48       0xe4 CMakeFiles/FreeMaster_Tutorial.elf.dir/Bsp/Gyro/Algorithm/QuaternionEKF.c.obj
 .text.IMU_QuaternionEKF_Init
                0x08000c2c       0xe0 CMakeFiles/FreeMaster_Tutorial.elf.dir/Bsp/Gyro/Algorithm/QuaternionEKF.c.obj
                0x08000c2c                IMU_QuaternionEKF_Init
 .text.IMU_QuaternionEKF_Update
                0x08000d0c      0x460 CMakeFiles/FreeMaster_Tutorial.elf.dir/Bsp/Gyro/Algorithm/QuaternionEKF.c.obj
                0x08000d0c                IMU_QuaternionEKF_Update
 .text.BMI088_ACCEL_NS_L
                0x0800116c       0x14 CMakeFiles/FreeMaster_Tutorial.elf.dir/Bsp/Gyro/Devices/BMI088Middleware.c.obj
                0x0800116c                BMI088_ACCEL_NS_L
 .text.BMI088_ACCEL_NS_H
                0x08001180       0x14 CMakeFiles/FreeMaster_Tutorial.elf.dir/Bsp/Gyro/Devices/BMI088Middleware.c.obj
                0x08001180                BMI088_ACCEL_NS_H
 .text.BMI088_GYRO_NS_L
                0x08001194       0x14 CMakeFiles/FreeMaster_Tutorial.elf.dir/Bsp/Gyro/Devices/BMI088Middleware.c.obj
                0x08001194                BMI088_GYRO_NS_L
 .text.BMI088_GYRO_NS_H
                0x080011a8       0x14 CMakeFiles/FreeMaster_Tutorial.elf.dir/Bsp/Gyro/Devices/BMI088Middleware.c.obj
                0x080011a8                BMI088_GYRO_NS_H
 .text.BMI088_read_write_byte
                0x080011bc       0x30 CMakeFiles/FreeMaster_Tutorial.elf.dir/Bsp/Gyro/Devices/BMI088Middleware.c.obj
                0x080011bc                BMI088_read_write_byte
 .text.BMI088_read_muli_reg
                0x080011ec       0x24 CMakeFiles/FreeMaster_Tutorial.elf.dir/Bsp/Gyro/Devices/BMI088driver.c.obj
 .text.BMI088_Read
                0x08001210      0x1f0 CMakeFiles/FreeMaster_Tutorial.elf.dir/Bsp/Gyro/Devices/BMI088driver.c.obj
                0x08001210                BMI088_Read
 .text.H_K_R_Adjustment
                0x08001400      0x114 CMakeFiles/FreeMaster_Tutorial.elf.dir/Bsp/Gyro/kalman_filter.c.obj
 .text.Kalman_Filter_Init
                0x08001514      0x42c CMakeFiles/FreeMaster_Tutorial.elf.dir/Bsp/Gyro/kalman_filter.c.obj
                0x08001514                Kalman_Filter_Init
 .text.Kalman_Filter_Measure
                0x08001940       0x4c CMakeFiles/FreeMaster_Tutorial.elf.dir/Bsp/Gyro/kalman_filter.c.obj
                0x08001940                Kalman_Filter_Measure
 .text.Kalman_Filter_xhatMinusUpdate
                0x0800198c       0x76 CMakeFiles/FreeMaster_Tutorial.elf.dir/Bsp/Gyro/kalman_filter.c.obj
                0x0800198c                Kalman_Filter_xhatMinusUpdate
 .text.Kalman_Filter_PminusUpdate
                0x08001a02       0x68 CMakeFiles/FreeMaster_Tutorial.elf.dir/Bsp/Gyro/kalman_filter.c.obj
                0x08001a02                Kalman_Filter_PminusUpdate
 .text.Kalman_Filter_SetK
                0x08001a6a       0xcc CMakeFiles/FreeMaster_Tutorial.elf.dir/Bsp/Gyro/kalman_filter.c.obj
                0x08001a6a                Kalman_Filter_SetK
 .text.Kalman_Filter_xhatUpdate
                0x08001b36       0x82 CMakeFiles/FreeMaster_Tutorial.elf.dir/Bsp/Gyro/kalman_filter.c.obj
                0x08001b36                Kalman_Filter_xhatUpdate
 .text.Kalman_Filter_P_Update
                0x08001bb8       0x64 CMakeFiles/FreeMaster_Tutorial.elf.dir/Bsp/Gyro/kalman_filter.c.obj
                0x08001bb8                Kalman_Filter_P_Update
 .text.Kalman_Filter_Update
                0x08001c1c       0xf8 CMakeFiles/FreeMaster_Tutorial.elf.dir/Bsp/Gyro/kalman_filter.c.obj
                0x08001c1c                Kalman_Filter_Update
 .text.MX_DMA_Init
                0x08001d14       0x44 CMakeFiles/FreeMaster_Tutorial.elf.dir/Core/Src/dma.c.obj
                0x08001d14                MX_DMA_Init
 .text.StartINSTask
                0x08001d58       0x12 CMakeFiles/FreeMaster_Tutorial.elf.dir/Core/Src/freertos.c.obj
                0x08001d58                StartINSTask
 .text.StartGLEDTask
                0x08001d6a        0x8 CMakeFiles/FreeMaster_Tutorial.elf.dir/Core/Src/freertos.c.obj
                0x08001d6a                StartGLEDTask
 .text.StartRLEDTask
                0x08001d72        0x8 CMakeFiles/FreeMaster_Tutorial.elf.dir/Core/Src/freertos.c.obj
                0x08001d72                StartRLEDTask
 *fill*         0x08001d7a        0x2 
 .text.MX_FREERTOS_Init
                0x08001d7c       0x54 CMakeFiles/FreeMaster_Tutorial.elf.dir/Core/Src/freertos.c.obj
                0x08001d7c                MX_FREERTOS_Init
 .text.MX_GPIO_Init
                0x08001dd0       0xf4 CMakeFiles/FreeMaster_Tutorial.elf.dir/Core/Src/gpio.c.obj
                0x08001dd0                MX_GPIO_Init
 .text.HAL_TIM_PeriodElapsedCallback
                0x08001ec4       0x12 CMakeFiles/FreeMaster_Tutorial.elf.dir/Core/Src/main.c.obj
                0x08001ec4                HAL_TIM_PeriodElapsedCallback
 .text.Error_Handler
                0x08001ed6        0x4 CMakeFiles/FreeMaster_Tutorial.elf.dir/Core/Src/main.c.obj
                0x08001ed6                Error_Handler
 *fill*         0x08001eda        0x2 
 .text.SystemClock_Config
                0x08001edc       0xa4 CMakeFiles/FreeMaster_Tutorial.elf.dir/Core/Src/main.c.obj
                0x08001edc                SystemClock_Config
 .text.main     0x08001f80       0x28 CMakeFiles/FreeMaster_Tutorial.elf.dir/Core/Src/main.c.obj
                0x08001f80                main
 .text.MX_SPI1_Init
                0x08001fa8       0x44 CMakeFiles/FreeMaster_Tutorial.elf.dir/Core/Src/spi.c.obj
                0x08001fa8                MX_SPI1_Init
 .text.HAL_SPI_MspInit
                0x08001fec       0xf0 CMakeFiles/FreeMaster_Tutorial.elf.dir/Core/Src/spi.c.obj
                0x08001fec                HAL_SPI_MspInit
 .text.HAL_MspInit
                0x080020dc       0x44 CMakeFiles/FreeMaster_Tutorial.elf.dir/Core/Src/stm32f4xx_hal_msp.c.obj
                0x080020dc                HAL_MspInit
 .text.HAL_InitTick
                0x08002120       0xa4 CMakeFiles/FreeMaster_Tutorial.elf.dir/Core/Src/stm32f4xx_hal_timebase_tim.c.obj
                0x08002120                HAL_InitTick
 .text.NMI_Handler
                0x080021c4        0x2 CMakeFiles/FreeMaster_Tutorial.elf.dir/Core/Src/stm32f4xx_it.c.obj
                0x080021c4                NMI_Handler
 .text.HardFault_Handler
                0x080021c6        0x2 CMakeFiles/FreeMaster_Tutorial.elf.dir/Core/Src/stm32f4xx_it.c.obj
                0x080021c6                HardFault_Handler
 .text.MemManage_Handler
                0x080021c8        0x2 CMakeFiles/FreeMaster_Tutorial.elf.dir/Core/Src/stm32f4xx_it.c.obj
                0x080021c8                MemManage_Handler
 .text.BusFault_Handler
                0x080021ca        0x2 CMakeFiles/FreeMaster_Tutorial.elf.dir/Core/Src/stm32f4xx_it.c.obj
                0x080021ca                BusFault_Handler
 .text.UsageFault_Handler
                0x080021cc        0x2 CMakeFiles/FreeMaster_Tutorial.elf.dir/Core/Src/stm32f4xx_it.c.obj
                0x080021cc                UsageFault_Handler
 .text.DebugMon_Handler
                0x080021ce        0x2 CMakeFiles/FreeMaster_Tutorial.elf.dir/Core/Src/stm32f4xx_it.c.obj
                0x080021ce                DebugMon_Handler
 .text.TIM2_IRQHandler
                0x080021d0       0x10 CMakeFiles/FreeMaster_Tutorial.elf.dir/Core/Src/stm32f4xx_it.c.obj
                0x080021d0                TIM2_IRQHandler
 .text.DMA2_Stream2_IRQHandler
                0x080021e0       0x10 CMakeFiles/FreeMaster_Tutorial.elf.dir/Core/Src/stm32f4xx_it.c.obj
                0x080021e0                DMA2_Stream2_IRQHandler
 .text.DMA2_Stream3_IRQHandler
                0x080021f0       0x10 CMakeFiles/FreeMaster_Tutorial.elf.dir/Core/Src/stm32f4xx_it.c.obj
                0x080021f0                DMA2_Stream3_IRQHandler
 .text._sbrk    0x08002200       0x48 CMakeFiles/FreeMaster_Tutorial.elf.dir/Core/Src/sysmem.c.obj
                0x08002200                _sbrk
 .text.SystemInit
                0x08002248       0x14 CMakeFiles/FreeMaster_Tutorial.elf.dir/Core/Src/system_stm32f4xx.c.obj
                0x08002248                SystemInit
 .text.MX_TIM10_Init
                0x0800225c       0x30 CMakeFiles/FreeMaster_Tutorial.elf.dir/Core/Src/tim.c.obj
                0x0800225c                MX_TIM10_Init
 .text.HAL_TIM_Base_MspInit
                0x0800228c       0x30 CMakeFiles/FreeMaster_Tutorial.elf.dir/Core/Src/tim.c.obj
                0x0800228c                HAL_TIM_Base_MspInit
 .text.Reset_Handler
                0x080022bc       0x50 CMakeFiles/FreeMaster_Tutorial.elf.dir/Core/Startup/startup_stm32f407ighx.s.obj
                0x080022bc                Reset_Handler
 .text.Default_Handler
                0x0800230c        0x2 CMakeFiles/FreeMaster_Tutorial.elf.dir/Core/Startup/startup_stm32f407ighx.s.obj
                0x0800230c                RTC_Alarm_IRQHandler
                0x0800230c                HASH_RNG_IRQHandler
                0x0800230c                EXTI2_IRQHandler
                0x0800230c                TIM8_CC_IRQHandler
                0x0800230c                TIM1_CC_IRQHandler
                0x0800230c                DMA2_Stream5_IRQHandler
                0x0800230c                DMA1_Stream5_IRQHandler
                0x0800230c                PVD_IRQHandler
                0x0800230c                SDIO_IRQHandler
                0x0800230c                TAMP_STAMP_IRQHandler
                0x0800230c                CAN2_RX1_IRQHandler
                0x0800230c                EXTI3_IRQHandler
                0x0800230c                TIM8_TRG_COM_TIM14_IRQHandler
                0x0800230c                TIM1_UP_TIM10_IRQHandler
                0x0800230c                TIM8_UP_TIM13_IRQHandler
                0x0800230c                I2C3_ER_IRQHandler
                0x0800230c                EXTI0_IRQHandler
                0x0800230c                I2C2_EV_IRQHandler
                0x0800230c                DMA1_Stream2_IRQHandler
                0x0800230c                CAN1_RX0_IRQHandler
                0x0800230c                FPU_IRQHandler
                0x0800230c                OTG_HS_WKUP_IRQHandler
                0x0800230c                CAN2_SCE_IRQHandler
                0x0800230c                SPI1_IRQHandler
                0x0800230c                TIM6_DAC_IRQHandler
                0x0800230c                TIM1_BRK_TIM9_IRQHandler
                0x0800230c                DCMI_IRQHandler
                0x0800230c                CAN2_RX0_IRQHandler
                0x0800230c                USART6_IRQHandler
                0x0800230c                USART3_IRQHandler
                0x0800230c                CAN1_RX1_IRQHandler
                0x0800230c                UART5_IRQHandler
                0x0800230c                DMA2_Stream0_IRQHandler
                0x0800230c                TIM4_IRQHandler
                0x0800230c                I2C1_EV_IRQHandler
                0x0800230c                DMA1_Stream6_IRQHandler
                0x0800230c                DMA1_Stream1_IRQHandler
                0x0800230c                UART4_IRQHandler
                0x0800230c                TIM3_IRQHandler
                0x0800230c                RCC_IRQHandler
                0x0800230c                TIM8_BRK_TIM12_IRQHandler
                0x0800230c                Default_Handler
                0x0800230c                EXTI15_10_IRQHandler
                0x0800230c                ADC_IRQHandler
                0x0800230c                DMA1_Stream7_IRQHandler
                0x0800230c                TIM7_IRQHandler
                0x0800230c                CAN2_TX_IRQHandler
                0x0800230c                TIM5_IRQHandler
                0x0800230c                DMA2_Stream7_IRQHandler
                0x0800230c                I2C3_EV_IRQHandler
                0x0800230c                EXTI9_5_IRQHandler
                0x0800230c                RTC_WKUP_IRQHandler
                0x0800230c                ETH_WKUP_IRQHandler
                0x0800230c                SPI2_IRQHandler
                0x0800230c                OTG_HS_EP1_IN_IRQHandler
                0x0800230c                DMA1_Stream0_IRQHandler
                0x0800230c                CAN1_TX_IRQHandler
                0x0800230c                EXTI4_IRQHandler
                0x0800230c                FSMC_IRQHandler
                0x0800230c                ETH_IRQHandler
                0x0800230c                OTG_HS_EP1_OUT_IRQHandler
                0x0800230c                WWDG_IRQHandler
                0x0800230c                OTG_FS_WKUP_IRQHandler
                0x0800230c                TIM1_TRG_COM_TIM11_IRQHandler
                0x0800230c                OTG_HS_IRQHandler
                0x0800230c                EXTI1_IRQHandler
                0x0800230c                USART2_IRQHandler
                0x0800230c                I2C2_ER_IRQHandler
                0x0800230c                DMA2_Stream1_IRQHandler
                0x0800230c                CAN1_SCE_IRQHandler
                0x0800230c                FLASH_IRQHandler
                0x0800230c                DMA2_Stream4_IRQHandler
                0x0800230c                USART1_IRQHandler
                0x0800230c                OTG_FS_IRQHandler
                0x0800230c                SPI3_IRQHandler
                0x0800230c                DMA1_Stream4_IRQHandler
                0x0800230c                I2C1_ER_IRQHandler
                0x0800230c                DMA2_Stream6_IRQHandler
                0x0800230c                DMA1_Stream3_IRQHandler
 *fill*         0x0800230e        0x2 
 .text.IMU_Param_Correction
                0x08002310      0x2c8 CMakeFiles/FreeMaster_Tutorial.elf.dir/Core/Tasks/ins_task.c.obj
 .text.INS_Init
                0x080025d8       0x64 CMakeFiles/FreeMaster_Tutorial.elf.dir/Core/Tasks/ins_task.c.obj
                0x080025d8                INS_Init
 .text.BodyFrameToEarthFrame
                0x0800263c      0x126 CMakeFiles/FreeMaster_Tutorial.elf.dir/Core/Tasks/ins_task.c.obj
                0x0800263c                BodyFrameToEarthFrame
 .text.EarthFrameToBodyFrame
                0x08002762      0x126 CMakeFiles/FreeMaster_Tutorial.elf.dir/Core/Tasks/ins_task.c.obj
                0x08002762                EarthFrameToBodyFrame
 .text.INS_Task
                0x08002888      0x1b8 CMakeFiles/FreeMaster_Tutorial.elf.dir/Core/Tasks/ins_task.c.obj
                0x08002888                INS_Task
 .text.LedG_TaskRun
                0x08002a40       0x1c CMakeFiles/FreeMaster_Tutorial.elf.dir/Core/Tasks/led_tasks.c.obj
                0x08002a40                LedG_TaskRun
 .text.LedR_TaskRun
                0x08002a5c       0x18 CMakeFiles/FreeMaster_Tutorial.elf.dir/Core/Tasks/led_tasks.c.obj
                0x08002a5c                LedR_TaskRun
 .text.HAL_Init
                0x08002a74       0x34 CMakeFiles/FreeMaster_Tutorial.elf.dir/Drivers/STM32F4xx_HAL_Driver/Src/stm32f4xx_hal.c.obj
                0x08002a74                HAL_Init
 .text.HAL_IncTick
                0x08002aa8       0x18 CMakeFiles/FreeMaster_Tutorial.elf.dir/Drivers/STM32F4xx_HAL_Driver/Src/stm32f4xx_hal.c.obj
                0x08002aa8                HAL_IncTick
 .text.HAL_GetTick
                0x08002ac0        0xc CMakeFiles/FreeMaster_Tutorial.elf.dir/Drivers/STM32F4xx_HAL_Driver/Src/stm32f4xx_hal.c.obj
                0x08002ac0                HAL_GetTick
 .text.__NVIC_EnableIRQ
                0x08002acc       0x1c CMakeFiles/FreeMaster_Tutorial.elf.dir/Drivers/STM32F4xx_HAL_Driver/Src/stm32f4xx_hal_cortex.c.obj
 .text.__NVIC_SetPriority
                0x08002ae8       0x28 CMakeFiles/FreeMaster_Tutorial.elf.dir/Drivers/STM32F4xx_HAL_Driver/Src/stm32f4xx_hal_cortex.c.obj
 .text.NVIC_EncodePriority
                0x08002b10       0x3e CMakeFiles/FreeMaster_Tutorial.elf.dir/Drivers/STM32F4xx_HAL_Driver/Src/stm32f4xx_hal_cortex.c.obj
 *fill*         0x08002b4e        0x2 
 .text.HAL_NVIC_SetPriorityGrouping
                0x08002b50       0x24 CMakeFiles/FreeMaster_Tutorial.elf.dir/Drivers/STM32F4xx_HAL_Driver/Src/stm32f4xx_hal_cortex.c.obj
                0x08002b50                HAL_NVIC_SetPriorityGrouping
 .text.HAL_NVIC_SetPriority
                0x08002b74       0x20 CMakeFiles/FreeMaster_Tutorial.elf.dir/Drivers/STM32F4xx_HAL_Driver/Src/stm32f4xx_hal_cortex.c.obj
                0x08002b74                HAL_NVIC_SetPriority
 .text.HAL_NVIC_EnableIRQ
                0x08002b94        0x8 CMakeFiles/FreeMaster_Tutorial.elf.dir/Drivers/STM32F4xx_HAL_Driver/Src/stm32f4xx_hal_cortex.c.obj
                0x08002b94                HAL_NVIC_EnableIRQ
 .text.DMA_CalcBaseAndBitshift
                0x08002b9c       0x3c CMakeFiles/FreeMaster_Tutorial.elf.dir/Drivers/STM32F4xx_HAL_Driver/Src/stm32f4xx_hal_dma.c.obj
 .text.DMA_CheckFifoParam
                0x08002bd8       0x8e CMakeFiles/FreeMaster_Tutorial.elf.dir/Drivers/STM32F4xx_HAL_Driver/Src/stm32f4xx_hal_dma.c.obj
 *fill*         0x08002c66        0x2 
 .text.HAL_DMA_Init
                0x08002c68       0xcc CMakeFiles/FreeMaster_Tutorial.elf.dir/Drivers/STM32F4xx_HAL_Driver/Src/stm32f4xx_hal_dma.c.obj
                0x08002c68                HAL_DMA_Init
 .text.HAL_DMA_IRQHandler
                0x08002d34      0x1dc CMakeFiles/FreeMaster_Tutorial.elf.dir/Drivers/STM32F4xx_HAL_Driver/Src/stm32f4xx_hal_dma.c.obj
                0x08002d34                HAL_DMA_IRQHandler
 .text.HAL_GPIO_Init
                0x08002f10      0x1ec CMakeFiles/FreeMaster_Tutorial.elf.dir/Drivers/STM32F4xx_HAL_Driver/Src/stm32f4xx_hal_gpio.c.obj
                0x08002f10                HAL_GPIO_Init
 .text.HAL_GPIO_WritePin
                0x080030fc        0xc CMakeFiles/FreeMaster_Tutorial.elf.dir/Drivers/STM32F4xx_HAL_Driver/Src/stm32f4xx_hal_gpio.c.obj
                0x080030fc                HAL_GPIO_WritePin
 .text.HAL_GPIO_TogglePin
                0x08003108       0x12 CMakeFiles/FreeMaster_Tutorial.elf.dir/Drivers/STM32F4xx_HAL_Driver/Src/stm32f4xx_hal_gpio.c.obj
                0x08003108                HAL_GPIO_TogglePin
 *fill*         0x0800311a        0x2 
 .text.HAL_RCC_OscConfig
                0x0800311c      0x3f8 CMakeFiles/FreeMaster_Tutorial.elf.dir/Drivers/STM32F4xx_HAL_Driver/Src/stm32f4xx_hal_rcc.c.obj
                0x0800311c                HAL_RCC_OscConfig
 .text.HAL_RCC_GetSysClockFreq
                0x08003514       0xa8 CMakeFiles/FreeMaster_Tutorial.elf.dir/Drivers/STM32F4xx_HAL_Driver/Src/stm32f4xx_hal_rcc.c.obj
                0x08003514                HAL_RCC_GetSysClockFreq
 .text.HAL_RCC_ClockConfig
                0x080035bc      0x160 CMakeFiles/FreeMaster_Tutorial.elf.dir/Drivers/STM32F4xx_HAL_Driver/Src/stm32f4xx_hal_rcc.c.obj
                0x080035bc                HAL_RCC_ClockConfig
 .text.HAL_RCC_GetHCLKFreq
                0x0800371c        0xc CMakeFiles/FreeMaster_Tutorial.elf.dir/Drivers/STM32F4xx_HAL_Driver/Src/stm32f4xx_hal_rcc.c.obj
                0x0800371c                HAL_RCC_GetHCLKFreq
 .text.HAL_RCC_GetPCLK1Freq
                0x08003728       0x20 CMakeFiles/FreeMaster_Tutorial.elf.dir/Drivers/STM32F4xx_HAL_Driver/Src/stm32f4xx_hal_rcc.c.obj
                0x08003728                HAL_RCC_GetPCLK1Freq
 .text.HAL_RCC_GetClockConfig
                0x08003748       0x3c CMakeFiles/FreeMaster_Tutorial.elf.dir/Drivers/STM32F4xx_HAL_Driver/Src/stm32f4xx_hal_rcc.c.obj
                0x08003748                HAL_RCC_GetClockConfig
 .text.SPI_WaitFlagStateUntilTimeout
                0x08003784       0xc8 CMakeFiles/FreeMaster_Tutorial.elf.dir/Drivers/STM32F4xx_HAL_Driver/Src/stm32f4xx_hal_spi.c.obj
 .text.SPI_EndRxTxTransaction
                0x0800384c       0x80 CMakeFiles/FreeMaster_Tutorial.elf.dir/Drivers/STM32F4xx_HAL_Driver/Src/stm32f4xx_hal_spi.c.obj
 .text.HAL_SPI_Init
                0x080038cc       0xbe CMakeFiles/FreeMaster_Tutorial.elf.dir/Drivers/STM32F4xx_HAL_Driver/Src/stm32f4xx_hal_spi.c.obj
                0x080038cc                HAL_SPI_Init
 .text.HAL_SPI_TransmitReceive
                0x0800398a      0x254 CMakeFiles/FreeMaster_Tutorial.elf.dir/Drivers/STM32F4xx_HAL_Driver/Src/stm32f4xx_hal_spi.c.obj
                0x0800398a                HAL_SPI_TransmitReceive
 *fill*         0x08003bde        0x2 
 .text.HAL_TIM_Base_Start_IT
                0x08003be0       0x88 CMakeFiles/FreeMaster_Tutorial.elf.dir/Drivers/STM32F4xx_HAL_Driver/Src/stm32f4xx_hal_tim.c.obj
                0x08003be0                HAL_TIM_Base_Start_IT
 .text.HAL_TIM_OC_DelayElapsedCallback
                0x08003c68        0x2 CMakeFiles/FreeMaster_Tutorial.elf.dir/Drivers/STM32F4xx_HAL_Driver/Src/stm32f4xx_hal_tim.c.obj
                0x08003c68                HAL_TIM_OC_DelayElapsedCallback
 .text.HAL_TIM_IC_CaptureCallback
                0x08003c6a        0x2 CMakeFiles/FreeMaster_Tutorial.elf.dir/Drivers/STM32F4xx_HAL_Driver/Src/stm32f4xx_hal_tim.c.obj
                0x08003c6a                HAL_TIM_IC_CaptureCallback
 .text.HAL_TIM_PWM_PulseFinishedCallback
                0x08003c6c        0x2 CMakeFiles/FreeMaster_Tutorial.elf.dir/Drivers/STM32F4xx_HAL_Driver/Src/stm32f4xx_hal_tim.c.obj
                0x08003c6c                HAL_TIM_PWM_PulseFinishedCallback
 .text.HAL_TIM_TriggerCallback
                0x08003c6e        0x2 CMakeFiles/FreeMaster_Tutorial.elf.dir/Drivers/STM32F4xx_HAL_Driver/Src/stm32f4xx_hal_tim.c.obj
                0x08003c6e                HAL_TIM_TriggerCallback
 .text.HAL_TIM_IRQHandler
                0x08003c70      0x15e CMakeFiles/FreeMaster_Tutorial.elf.dir/Drivers/STM32F4xx_HAL_Driver/Src/stm32f4xx_hal_tim.c.obj
                0x08003c70                HAL_TIM_IRQHandler
 *fill*         0x08003dce        0x2 
 .text.TIM_Base_SetConfig
                0x08003dd0       0xd0 CMakeFiles/FreeMaster_Tutorial.elf.dir/Drivers/STM32F4xx_HAL_Driver/Src/stm32f4xx_hal_tim.c.obj
                0x08003dd0                TIM_Base_SetConfig
 .text.HAL_TIM_Base_Init
                0x08003ea0       0x58 CMakeFiles/FreeMaster_Tutorial.elf.dir/Drivers/STM32F4xx_HAL_Driver/Src/stm32f4xx_hal_tim.c.obj
                0x08003ea0                HAL_TIM_Base_Init
 .text.TIM_CCxChannelCmd
                0x08003ef8       0x1e CMakeFiles/FreeMaster_Tutorial.elf.dir/Drivers/STM32F4xx_HAL_Driver/Src/stm32f4xx_hal_tim.c.obj
                0x08003ef8                TIM_CCxChannelCmd
 *fill*         0x08003f16        0x2 
 .text.HAL_TIM_PWM_Start
                0x08003f18      0x104 CMakeFiles/FreeMaster_Tutorial.elf.dir/Drivers/STM32F4xx_HAL_Driver/Src/stm32f4xx_hal_tim.c.obj
                0x08003f18                HAL_TIM_PWM_Start
 .text.HAL_TIMEx_CommutCallback
                0x0800401c        0x2 CMakeFiles/FreeMaster_Tutorial.elf.dir/Drivers/STM32F4xx_HAL_Driver/Src/stm32f4xx_hal_tim_ex.c.obj
                0x0800401c                HAL_TIMEx_CommutCallback
 .text.HAL_TIMEx_BreakCallback
                0x0800401e        0x2 CMakeFiles/FreeMaster_Tutorial.elf.dir/Drivers/STM32F4xx_HAL_Driver/Src/stm32f4xx_hal_tim_ex.c.obj
                0x0800401e                HAL_TIMEx_BreakCallback
 .text.SysTick_Handler
                0x08004020       0x18 CMakeFiles/FreeMaster_Tutorial.elf.dir/Middlewares/Third_Party/FreeRTOS/Source/CMSIS_RTOS_V2/cmsis_os2.c.obj
                0x08004020                SysTick_Handler
 .text.osKernelInitialize
                0x08004038       0x24 CMakeFiles/FreeMaster_Tutorial.elf.dir/Middlewares/Third_Party/FreeRTOS/Source/CMSIS_RTOS_V2/cmsis_os2.c.obj
                0x08004038                osKernelInitialize
 .text.osKernelStart
                0x0800405c       0x38 CMakeFiles/FreeMaster_Tutorial.elf.dir/Middlewares/Third_Party/FreeRTOS/Source/CMSIS_RTOS_V2/cmsis_os2.c.obj
                0x0800405c                osKernelStart
 .text.osThreadNew
                0x08004094       0xb6 CMakeFiles/FreeMaster_Tutorial.elf.dir/Middlewares/Third_Party/FreeRTOS/Source/CMSIS_RTOS_V2/cmsis_os2.c.obj
                0x08004094                osThreadNew
 .text.osDelay  0x0800414a       0x1c CMakeFiles/FreeMaster_Tutorial.elf.dir/Middlewares/Third_Party/FreeRTOS/Source/CMSIS_RTOS_V2/cmsis_os2.c.obj
                0x0800414a                osDelay
 *fill*         0x08004166        0x2 
 .text.vApplicationGetIdleTaskMemory
                0x08004168       0x18 CMakeFiles/FreeMaster_Tutorial.elf.dir/Middlewares/Third_Party/FreeRTOS/Source/CMSIS_RTOS_V2/cmsis_os2.c.obj
                0x08004168                vApplicationGetIdleTaskMemory
 .text.vApplicationGetTimerTaskMemory
                0x08004180       0x18 CMakeFiles/FreeMaster_Tutorial.elf.dir/Middlewares/Third_Party/FreeRTOS/Source/CMSIS_RTOS_V2/cmsis_os2.c.obj
                0x08004180                vApplicationGetTimerTaskMemory
 .text.vListInitialise
                0x08004198       0x16 CMakeFiles/FreeMaster_Tutorial.elf.dir/Middlewares/Third_Party/FreeRTOS/Source/list.c.obj
                0x08004198                vListInitialise
 .text.vListInitialiseItem
                0x080041ae        0x6 CMakeFiles/FreeMaster_Tutorial.elf.dir/Middlewares/Third_Party/FreeRTOS/Source/list.c.obj
                0x080041ae                vListInitialiseItem
 .text.vListInsertEnd
                0x080041b4       0x16 CMakeFiles/FreeMaster_Tutorial.elf.dir/Middlewares/Third_Party/FreeRTOS/Source/list.c.obj
                0x080041b4                vListInsertEnd
 .text.vListInsert
                0x080041ca       0x32 CMakeFiles/FreeMaster_Tutorial.elf.dir/Middlewares/Third_Party/FreeRTOS/Source/list.c.obj
                0x080041ca                vListInsert
 .text.uxListRemove
                0x080041fc       0x26 CMakeFiles/FreeMaster_Tutorial.elf.dir/Middlewares/Third_Party/FreeRTOS/Source/list.c.obj
                0x080041fc                uxListRemove
 *fill*         0x08004222        0x2 
 .text.prvTaskExitError
                0x08004224       0x40 CMakeFiles/FreeMaster_Tutorial.elf.dir/Middlewares/Third_Party/FreeRTOS/Source/portable/GCC/ARM_CM4F/port.c.obj
 .text.prvPortStartFirstTask
                0x08004264       0x28 CMakeFiles/FreeMaster_Tutorial.elf.dir/Middlewares/Third_Party/FreeRTOS/Source/portable/GCC/ARM_CM4F/port.c.obj
 .text.vPortEnableVFP
                0x0800428c       0x14 CMakeFiles/FreeMaster_Tutorial.elf.dir/Middlewares/Third_Party/FreeRTOS/Source/portable/GCC/ARM_CM4F/port.c.obj
 .text.pxPortInitialiseStack
                0x080042a0       0x2c CMakeFiles/FreeMaster_Tutorial.elf.dir/Middlewares/Third_Party/FreeRTOS/Source/portable/GCC/ARM_CM4F/port.c.obj
                0x080042a0                pxPortInitialiseStack
 *fill*         0x080042cc        0x4 
 .text.SVC_Handler
                0x080042d0       0x24 CMakeFiles/FreeMaster_Tutorial.elf.dir/Middlewares/Third_Party/FreeRTOS/Source/portable/GCC/ARM_CM4F/port.c.obj
                0x080042d0                SVC_Handler
 .text.vPortEnterCritical
                0x080042f4       0x44 CMakeFiles/FreeMaster_Tutorial.elf.dir/Middlewares/Third_Party/FreeRTOS/Source/portable/GCC/ARM_CM4F/port.c.obj
                0x080042f4                vPortEnterCritical
 .text.vPortExitCritical
                0x08004338       0x2c CMakeFiles/FreeMaster_Tutorial.elf.dir/Middlewares/Third_Party/FreeRTOS/Source/portable/GCC/ARM_CM4F/port.c.obj
                0x08004338                vPortExitCritical
 *fill*         0x08004364        0xc 
 .text.PendSV_Handler
                0x08004370       0x64 CMakeFiles/FreeMaster_Tutorial.elf.dir/Middlewares/Third_Party/FreeRTOS/Source/portable/GCC/ARM_CM4F/port.c.obj
                0x08004370                PendSV_Handler
 .text.xPortSysTickHandler
                0x080043d4       0x2c CMakeFiles/FreeMaster_Tutorial.elf.dir/Middlewares/Third_Party/FreeRTOS/Source/portable/GCC/ARM_CM4F/port.c.obj
                0x080043d4                xPortSysTickHandler
 .text.vPortSetupTimerInterrupt
                0x08004400       0x28 CMakeFiles/FreeMaster_Tutorial.elf.dir/Middlewares/Third_Party/FreeRTOS/Source/portable/GCC/ARM_CM4F/port.c.obj
                0x08004400                vPortSetupTimerInterrupt
 .text.xPortStartScheduler
                0x08004428      0x118 CMakeFiles/FreeMaster_Tutorial.elf.dir/Middlewares/Third_Party/FreeRTOS/Source/portable/GCC/ARM_CM4F/port.c.obj
                0x08004428                xPortStartScheduler
 .text.vPortValidateInterruptPriority
                0x08004540       0x5c CMakeFiles/FreeMaster_Tutorial.elf.dir/Middlewares/Third_Party/FreeRTOS/Source/portable/GCC/ARM_CM4F/port.c.obj
                0x08004540                vPortValidateInterruptPriority
 .text.prvHeapInit
                0x0800459c       0x64 CMakeFiles/FreeMaster_Tutorial.elf.dir/Middlewares/Third_Party/FreeRTOS/Source/portable/MemMang/heap_4.c.obj
 .text.prvInsertBlockIntoFreeList
                0x08004600       0x64 CMakeFiles/FreeMaster_Tutorial.elf.dir/Middlewares/Third_Party/FreeRTOS/Source/portable/MemMang/heap_4.c.obj
 .text.pvPortMalloc
                0x08004664      0x104 CMakeFiles/FreeMaster_Tutorial.elf.dir/Middlewares/Third_Party/FreeRTOS/Source/portable/MemMang/heap_4.c.obj
                0x08004664                pvPortMalloc
 .text.vPortFree
                0x08004768       0x7c CMakeFiles/FreeMaster_Tutorial.elf.dir/Middlewares/Third_Party/FreeRTOS/Source/portable/MemMang/heap_4.c.obj
                0x08004768                vPortFree
 .text.prvIsQueueFull
                0x080047e4       0x1e CMakeFiles/FreeMaster_Tutorial.elf.dir/Middlewares/Third_Party/FreeRTOS/Source/queue.c.obj
 .text.prvIsQueueEmpty
                0x08004802       0x1a CMakeFiles/FreeMaster_Tutorial.elf.dir/Middlewares/Third_Party/FreeRTOS/Source/queue.c.obj
 .text.prvCopyDataToQueue
                0x0800481c       0x76 CMakeFiles/FreeMaster_Tutorial.elf.dir/Middlewares/Third_Party/FreeRTOS/Source/queue.c.obj
 .text.prvCopyDataFromQueue
                0x08004892       0x24 CMakeFiles/FreeMaster_Tutorial.elf.dir/Middlewares/Third_Party/FreeRTOS/Source/queue.c.obj
 .text.prvUnlockQueue
                0x080048b6       0x6e CMakeFiles/FreeMaster_Tutorial.elf.dir/Middlewares/Third_Party/FreeRTOS/Source/queue.c.obj
 .text.xQueueGenericReset
                0x08004924       0x84 CMakeFiles/FreeMaster_Tutorial.elf.dir/Middlewares/Third_Party/FreeRTOS/Source/queue.c.obj
                0x08004924                xQueueGenericReset
 .text.prvInitialiseNewQueue
                0x080049a8       0x22 CMakeFiles/FreeMaster_Tutorial.elf.dir/Middlewares/Third_Party/FreeRTOS/Source/queue.c.obj
 .text.xQueueGenericCreateStatic
                0x080049ca       0x94 CMakeFiles/FreeMaster_Tutorial.elf.dir/Middlewares/Third_Party/FreeRTOS/Source/queue.c.obj
                0x080049ca                xQueueGenericCreateStatic
 .text.xQueueGenericSend
                0x08004a5e      0x188 CMakeFiles/FreeMaster_Tutorial.elf.dir/Middlewares/Third_Party/FreeRTOS/Source/queue.c.obj
                0x08004a5e                xQueueGenericSend
 .text.xQueueGenericSendFromISR
                0x08004be6       0xce CMakeFiles/FreeMaster_Tutorial.elf.dir/Middlewares/Third_Party/FreeRTOS/Source/queue.c.obj
                0x08004be6                xQueueGenericSendFromISR
 .text.xQueueReceive
                0x08004cb4      0x15e CMakeFiles/FreeMaster_Tutorial.elf.dir/Middlewares/Third_Party/FreeRTOS/Source/queue.c.obj
                0x08004cb4                xQueueReceive
 *fill*         0x08004e12        0x2 
 .text.vQueueAddToRegistry
                0x08004e14       0x28 CMakeFiles/FreeMaster_Tutorial.elf.dir/Middlewares/Third_Party/FreeRTOS/Source/queue.c.obj
                0x08004e14                vQueueAddToRegistry
 .text.vQueueWaitForMessageRestricted
                0x08004e3c       0x52 CMakeFiles/FreeMaster_Tutorial.elf.dir/Middlewares/Third_Party/FreeRTOS/Source/queue.c.obj
                0x08004e3c                vQueueWaitForMessageRestricted
 *fill*         0x08004e8e        0x2 
 .text.prvResetNextTaskUnblockTime
                0x08004e90       0x2c CMakeFiles/FreeMaster_Tutorial.elf.dir/Middlewares/Third_Party/FreeRTOS/Source/tasks.c.obj
 .text.prvInitialiseNewTask
                0x08004ebc      0x104 CMakeFiles/FreeMaster_Tutorial.elf.dir/Middlewares/Third_Party/FreeRTOS/Source/tasks.c.obj
 .text.prvInitialiseTaskLists
                0x08004fc0       0x68 CMakeFiles/FreeMaster_Tutorial.elf.dir/Middlewares/Third_Party/FreeRTOS/Source/tasks.c.obj
 .text.prvAddNewTaskToReadyList
                0x08005028       0xac CMakeFiles/FreeMaster_Tutorial.elf.dir/Middlewares/Third_Party/FreeRTOS/Source/tasks.c.obj
 .text.prvDeleteTCB
                0x080050d4       0x40 CMakeFiles/FreeMaster_Tutorial.elf.dir/Middlewares/Third_Party/FreeRTOS/Source/tasks.c.obj
 .text.prvCheckTasksWaitingTermination
                0x08005114       0x4c CMakeFiles/FreeMaster_Tutorial.elf.dir/Middlewares/Third_Party/FreeRTOS/Source/tasks.c.obj
 .text.prvIdleTask
                0x08005160       0x28 CMakeFiles/FreeMaster_Tutorial.elf.dir/Middlewares/Third_Party/FreeRTOS/Source/tasks.c.obj
 .text.prvAddCurrentTaskToDelayedList
                0x08005188       0x7c CMakeFiles/FreeMaster_Tutorial.elf.dir/Middlewares/Third_Party/FreeRTOS/Source/tasks.c.obj
 .text.xTaskCreateStatic
                0x08005204       0x7a CMakeFiles/FreeMaster_Tutorial.elf.dir/Middlewares/Third_Party/FreeRTOS/Source/tasks.c.obj
                0x08005204                xTaskCreateStatic
 .text.xTaskCreate
                0x0800527e       0x66 CMakeFiles/FreeMaster_Tutorial.elf.dir/Middlewares/Third_Party/FreeRTOS/Source/tasks.c.obj
                0x0800527e                xTaskCreate
 .text.vTaskStartScheduler
                0x080052e4       0xac CMakeFiles/FreeMaster_Tutorial.elf.dir/Middlewares/Third_Party/FreeRTOS/Source/tasks.c.obj
                0x080052e4                vTaskStartScheduler
 .text.vTaskSuspendAll
                0x08005390       0x10 CMakeFiles/FreeMaster_Tutorial.elf.dir/Middlewares/Third_Party/FreeRTOS/Source/tasks.c.obj
                0x08005390                vTaskSuspendAll
 .text.xTaskGetTickCount
                0x080053a0        0xc CMakeFiles/FreeMaster_Tutorial.elf.dir/Middlewares/Third_Party/FreeRTOS/Source/tasks.c.obj
                0x080053a0                xTaskGetTickCount
 .text.xTaskIncrementTick
                0x080053ac      0x118 CMakeFiles/FreeMaster_Tutorial.elf.dir/Middlewares/Third_Party/FreeRTOS/Source/tasks.c.obj
                0x080053ac                xTaskIncrementTick
 .text.xTaskResumeAll
                0x080054c4       0xf8 CMakeFiles/FreeMaster_Tutorial.elf.dir/Middlewares/Third_Party/FreeRTOS/Source/tasks.c.obj
                0x080054c4                xTaskResumeAll
 .text.vTaskDelay
                0x080055bc       0x4c CMakeFiles/FreeMaster_Tutorial.elf.dir/Middlewares/Third_Party/FreeRTOS/Source/tasks.c.obj
                0x080055bc                vTaskDelay
 .text.vTaskSwitchContext
                0x08005608       0xa4 CMakeFiles/FreeMaster_Tutorial.elf.dir/Middlewares/Third_Party/FreeRTOS/Source/tasks.c.obj
                0x08005608                vTaskSwitchContext
 .text.vTaskPlaceOnEventList
                0x080056ac       0x30 CMakeFiles/FreeMaster_Tutorial.elf.dir/Middlewares/Third_Party/FreeRTOS/Source/tasks.c.obj
                0x080056ac                vTaskPlaceOnEventList
 .text.vTaskPlaceOnEventListRestricted
                0x080056dc       0x38 CMakeFiles/FreeMaster_Tutorial.elf.dir/Middlewares/Third_Party/FreeRTOS/Source/tasks.c.obj
                0x080056dc                vTaskPlaceOnEventListRestricted
 .text.xTaskRemoveFromEventList
                0x08005714       0x8c CMakeFiles/FreeMaster_Tutorial.elf.dir/Middlewares/Third_Party/FreeRTOS/Source/tasks.c.obj
                0x08005714                xTaskRemoveFromEventList
 .text.vTaskInternalSetTimeOutState
                0x080057a0       0x18 CMakeFiles/FreeMaster_Tutorial.elf.dir/Middlewares/Third_Party/FreeRTOS/Source/tasks.c.obj
                0x080057a0                vTaskInternalSetTimeOutState
 .text.xTaskCheckForTimeOut
                0x080057b8       0x84 CMakeFiles/FreeMaster_Tutorial.elf.dir/Middlewares/Third_Party/FreeRTOS/Source/tasks.c.obj
                0x080057b8                xTaskCheckForTimeOut
 .text.vTaskMissedYield
                0x0800583c        0xc CMakeFiles/FreeMaster_Tutorial.elf.dir/Middlewares/Third_Party/FreeRTOS/Source/tasks.c.obj
                0x0800583c                vTaskMissedYield
 .text.xTaskGetSchedulerState
                0x08005848       0x20 CMakeFiles/FreeMaster_Tutorial.elf.dir/Middlewares/Third_Party/FreeRTOS/Source/tasks.c.obj
                0x08005848                xTaskGetSchedulerState
 .text.xTaskPriorityDisinherit
                0x08005868       0x90 CMakeFiles/FreeMaster_Tutorial.elf.dir/Middlewares/Third_Party/FreeRTOS/Source/tasks.c.obj
                0x08005868                xTaskPriorityDisinherit
 .text.prvGetNextExpireTime
                0x080058f8       0x20 CMakeFiles/FreeMaster_Tutorial.elf.dir/Middlewares/Third_Party/FreeRTOS/Source/timers.c.obj
 .text.prvInsertTimerInActiveList
                0x08005918       0x48 CMakeFiles/FreeMaster_Tutorial.elf.dir/Middlewares/Third_Party/FreeRTOS/Source/timers.c.obj
 .text.prvCheckForValidListAndQueue
                0x08005960       0x70 CMakeFiles/FreeMaster_Tutorial.elf.dir/Middlewares/Third_Party/FreeRTOS/Source/timers.c.obj
 .text.xTimerCreateTimerTask
                0x080059d0       0x64 CMakeFiles/FreeMaster_Tutorial.elf.dir/Middlewares/Third_Party/FreeRTOS/Source/timers.c.obj
                0x080059d0                xTimerCreateTimerTask
 .text.xTimerGenericCommand
                0x08005a34       0x6c CMakeFiles/FreeMaster_Tutorial.elf.dir/Middlewares/Third_Party/FreeRTOS/Source/timers.c.obj
                0x08005a34                xTimerGenericCommand
 .text.prvSwitchTimerLists
                0x08005aa0       0x7c CMakeFiles/FreeMaster_Tutorial.elf.dir/Middlewares/Third_Party/FreeRTOS/Source/timers.c.obj
 .text.prvSampleTimeNow
                0x08005b1c       0x2c CMakeFiles/FreeMaster_Tutorial.elf.dir/Middlewares/Third_Party/FreeRTOS/Source/timers.c.obj
 .text.prvProcessExpiredTimer
                0x08005b48       0x6c CMakeFiles/FreeMaster_Tutorial.elf.dir/Middlewares/Third_Party/FreeRTOS/Source/timers.c.obj
 .text.prvProcessTimerOrBlockTask
                0x08005bb4       0x74 CMakeFiles/FreeMaster_Tutorial.elf.dir/Middlewares/Third_Party/FreeRTOS/Source/timers.c.obj
 .text.prvProcessReceivedCommands
                0x08005c28      0x10c CMakeFiles/FreeMaster_Tutorial.elf.dir/Middlewares/Third_Party/FreeRTOS/Source/timers.c.obj
 .text.prvTimerTask
                0x08005d34       0x16 CMakeFiles/FreeMaster_Tutorial.elf.dir/Middlewares/Third_Party/FreeRTOS/Source/timers.c.obj
 *fill*         0x08005d4a        0x2 
 .text.arm_mat_trans_f32
                0x08005d4c      0x154 C:/ST/HAL_Tutorial_XT/Tutorial_FreeRTOS_2/FreeMaster_Tutorial/Middlewares/ST/ARM/DSP/Lib/libarm_cortexM4lf_math.a(arm_mat_trans_f32.o)
                0x08005d4c                arm_mat_trans_f32
 .text.arm_mat_sub_f32
                0x08005ea0       0xd8 C:/ST/HAL_Tutorial_XT/Tutorial_FreeRTOS_2/FreeMaster_Tutorial/Middlewares/ST/ARM/DSP/Lib/libarm_cortexM4lf_math.a(arm_mat_sub_f32.o)
                0x08005ea0                arm_mat_sub_f32
 .text.arm_mat_mult_f32
                0x08005f78      0x220 C:/ST/HAL_Tutorial_XT/Tutorial_FreeRTOS_2/FreeMaster_Tutorial/Middlewares/ST/ARM/DSP/Lib/libarm_cortexM4lf_math.a(arm_mat_mult_f32.o)
                0x08005f78                arm_mat_mult_f32
 .text.arm_mat_inverse_f32
                0x08006198      0x258 C:/ST/HAL_Tutorial_XT/Tutorial_FreeRTOS_2/FreeMaster_Tutorial/Middlewares/ST/ARM/DSP/Lib/libarm_cortexM4lf_math.a(arm_mat_inverse_f32.o)
                0x08006198                arm_mat_inverse_f32
 .text.arm_mat_init_f32
                0x080063f0        0x8 C:/ST/HAL_Tutorial_XT/Tutorial_FreeRTOS_2/FreeMaster_Tutorial/Middlewares/ST/ARM/DSP/Lib/libarm_cortexM4lf_math.a(arm_mat_init_f32.o)
                0x080063f0                arm_mat_init_f32
 .text.arm_mat_add_f32
                0x080063f8       0xd8 C:/ST/HAL_Tutorial_XT/Tutorial_FreeRTOS_2/FreeMaster_Tutorial/Middlewares/ST/ARM/DSP/Lib/libarm_cortexM4lf_math.a(arm_mat_add_f32.o)
                0x080063f8                arm_mat_add_f32
 .text.arm_sin_f32
                0x080064d0       0x8c C:/ST/HAL_Tutorial_XT/Tutorial_FreeRTOS_2/FreeMaster_Tutorial/Middlewares/ST/ARM/DSP/Lib/libarm_cortexM4lf_math.a(arm_sin_f32.o)
                0x080064d0                arm_sin_f32
 .text.arm_cos_f32
                0x0800655c       0x94 C:/ST/HAL_Tutorial_XT/Tutorial_FreeRTOS_2/FreeMaster_Tutorial/Middlewares/ST/ARM/DSP/Lib/libarm_cortexM4lf_math.a(arm_cos_f32.o)
                0x0800655c                arm_cos_f32
 .text.malloc   0x080065f0       0x10 C:/ST/STM32CubeCLT_1.19.0/GNU-tools-for-STM32/bin/../lib/gcc/arm-none-eabi/13.3.1/../../../../arm-none-eabi/lib/thumb/v7e-m+fp/hard\libg.a(libc_a-malloc.o)
                0x080065f0                malloc
 .text._malloc_r
                0x08006600      0x474 C:/ST/STM32CubeCLT_1.19.0/GNU-tools-for-STM32/bin/../lib/gcc/arm-none-eabi/13.3.1/../../../../arm-none-eabi/lib/thumb/v7e-m+fp/hard\libg.a(libc_a-mallocr.o)
                0x08006600                _malloc_r
 .text.__malloc_lock
                0x08006a74        0xc C:/ST/STM32CubeCLT_1.19.0/GNU-tools-for-STM32/bin/../lib/gcc/arm-none-eabi/13.3.1/../../../../arm-none-eabi/lib/thumb/v7e-m+fp/hard\libg.a(libc_a-mlock.o)
                0x08006a74                __malloc_lock
 .text.__malloc_unlock
                0x08006a80        0xc C:/ST/STM32CubeCLT_1.19.0/GNU-tools-for-STM32/bin/../lib/gcc/arm-none-eabi/13.3.1/../../../../arm-none-eabi/lib/thumb/v7e-m+fp/hard\libg.a(libc_a-mlock.o)
                0x08006a80                __malloc_unlock
 .text.memset   0x08006a8c       0x10 C:/ST/STM32CubeCLT_1.19.0/GNU-tools-for-STM32/bin/../lib/gcc/arm-none-eabi/13.3.1/../../../../arm-none-eabi/lib/thumb/v7e-m+fp/hard\libg.a(libc_a-memset.o)
                0x08006a8c                memset
 .text._reclaim_reent
                0x08006a9c       0x68 C:/ST/STM32CubeCLT_1.19.0/GNU-tools-for-STM32/bin/../lib/gcc/arm-none-eabi/13.3.1/../../../../arm-none-eabi/lib/thumb/v7e-m+fp/hard\libg.a(libc_a-reent.o)
                0x08006a9c                _reclaim_reent
 .text._sbrk_r  0x08006b04       0x20 C:/ST/STM32CubeCLT_1.19.0/GNU-tools-for-STM32/bin/../lib/gcc/arm-none-eabi/13.3.1/../../../../arm-none-eabi/lib/thumb/v7e-m+fp/hard\libg.a(libc_a-sbrkr.o)
                0x08006b04                _sbrk_r
 .text.__errno  0x08006b24        0xc C:/ST/STM32CubeCLT_1.19.0/GNU-tools-for-STM32/bin/../lib/gcc/arm-none-eabi/13.3.1/../../../../arm-none-eabi/lib/thumb/v7e-m+fp/hard\libg.a(libc_a-errno.o)
                0x08006b24                __errno
 .text.__libc_init_array
                0x08006b30       0x48 C:/ST/STM32CubeCLT_1.19.0/GNU-tools-for-STM32/bin/../lib/gcc/arm-none-eabi/13.3.1/../../../../arm-none-eabi/lib/thumb/v7e-m+fp/hard\libg.a(libc_a-init.o)
                0x08006b30                __libc_init_array
 .text.__retarget_lock_acquire_recursive
                0x08006b78        0x2 C:/ST/STM32CubeCLT_1.19.0/GNU-tools-for-STM32/bin/../lib/gcc/arm-none-eabi/13.3.1/../../../../arm-none-eabi/lib/thumb/v7e-m+fp/hard\libg.a(libc_a-lock.o)
                0x08006b78                __retarget_lock_acquire_recursive
 .text.__retarget_lock_release_recursive
                0x08006b7a        0x2 C:/ST/STM32CubeCLT_1.19.0/GNU-tools-for-STM32/bin/../lib/gcc/arm-none-eabi/13.3.1/../../../../arm-none-eabi/lib/thumb/v7e-m+fp/hard\libg.a(libc_a-lock.o)
                0x08006b7a                __retarget_lock_release_recursive
 .text.sysconf  0x08006b7c       0x18 C:/ST/STM32CubeCLT_1.19.0/GNU-tools-for-STM32/bin/../lib/gcc/arm-none-eabi/13.3.1/../../../../arm-none-eabi/lib/thumb/v7e-m+fp/hard\libg.a(libc_a-sysconf.o)
                0x08006b7c                sysconf
 .text.memcpy   0x08006b94       0x1c C:/ST/STM32CubeCLT_1.19.0/GNU-tools-for-STM32/bin/../lib/gcc/arm-none-eabi/13.3.1/../../../../arm-none-eabi/lib/thumb/v7e-m+fp/hard\libg.a(libc_a-memcpy-stub.o)
                0x08006b94                memcpy
 .text.startup.register_fini
                0x08006bb0       0x14 C:/ST/STM32CubeCLT_1.19.0/GNU-tools-for-STM32/bin/../lib/gcc/arm-none-eabi/13.3.1/../../../../arm-none-eabi/lib/thumb/v7e-m+fp/hard\libg.a(libc_a-__call_atexit.o)
 .text.atexit   0x08006bc4        0xc C:/ST/STM32CubeCLT_1.19.0/GNU-tools-for-STM32/bin/../lib/gcc/arm-none-eabi/13.3.1/../../../../arm-none-eabi/lib/thumb/v7e-m+fp/hard\libg.a(libc_a-atexit.o)
                0x08006bc4                atexit
 .text._malloc_trim_r
                0x08006bd0       0xac C:/ST/STM32CubeCLT_1.19.0/GNU-tools-for-STM32/bin/../lib/gcc/arm-none-eabi/13.3.1/../../../../arm-none-eabi/lib/thumb/v7e-m+fp/hard\libg.a(libc_a-freer.o)
                0x08006bd0                _malloc_trim_r
 .text._free_r  0x08006c7c      0x180 C:/ST/STM32CubeCLT_1.19.0/GNU-tools-for-STM32/bin/../lib/gcc/arm-none-eabi/13.3.1/../../../../arm-none-eabi/lib/thumb/v7e-m+fp/hard\libg.a(libc_a-freer.o)
                0x08006c7c                _free_r
 .text.__libc_fini_array
                0x08006dfc       0x28 C:/ST/STM32CubeCLT_1.19.0/GNU-tools-for-STM32/bin/../lib/gcc/arm-none-eabi/13.3.1/../../../../arm-none-eabi/lib/thumb/v7e-m+fp/hard\libg.a(libc_a-fini.o)
                0x08006dfc                __libc_fini_array
 .text.__register_exitproc
                0x08006e24       0x80 C:/ST/STM32CubeCLT_1.19.0/GNU-tools-for-STM32/bin/../lib/gcc/arm-none-eabi/13.3.1/../../../../arm-none-eabi/lib/thumb/v7e-m+fp/hard\libg.a(libc_a-__atexit.o)
                0x08006e24                __register_exitproc
 .text.acosf    0x08006ea4       0x58 C:/ST/STM32CubeCLT_1.19.0/GNU-tools-for-STM32/bin/../lib/gcc/arm-none-eabi/13.3.1/../../../../arm-none-eabi/lib/thumb/v7e-m+fp/hard\libm.a(libm_a-wf_acos.o)
                0x08006ea4                acosf
 .text.asinf    0x08006efc       0x58 C:/ST/STM32CubeCLT_1.19.0/GNU-tools-for-STM32/bin/../lib/gcc/arm-none-eabi/13.3.1/../../../../arm-none-eabi/lib/thumb/v7e-m+fp/hard\libm.a(libm_a-wf_asin.o)
                0x08006efc                asinf
 .text.atan2f   0x08006f54        0x4 C:/ST/STM32CubeCLT_1.19.0/GNU-tools-for-STM32/bin/../lib/gcc/arm-none-eabi/13.3.1/../../../../arm-none-eabi/lib/thumb/v7e-m+fp/hard\libm.a(libm_a-wf_atan2.o)
                0x08006f54                atan2f
 .text.fabsf    0x08006f58        0xe C:/ST/STM32CubeCLT_1.19.0/GNU-tools-for-STM32/bin/../lib/gcc/arm-none-eabi/13.3.1/../../../../arm-none-eabi/lib/thumb/v7e-m+fp/hard\libm.a(libm_a-sf_fabs.o)
                0x08006f58                fabsf
 *fill*         0x08006f66        0x2 
 .text.nanf     0x08006f68        0xc C:/ST/STM32CubeCLT_1.19.0/GNU-tools-for-STM32/bin/../lib/gcc/arm-none-eabi/13.3.1/../../../../arm-none-eabi/lib/thumb/v7e-m+fp/hard\libm.a(libm_a-sf_nan.o)
                0x08006f68                nanf
 .text.__ieee754_sqrtf
                0x08006f74        0x6 C:/ST/STM32CubeCLT_1.19.0/GNU-tools-for-STM32/bin/../lib/gcc/arm-none-eabi/13.3.1/../../../../arm-none-eabi/lib/thumb/v7e-m+fp/hard\libm.a(libm_a-ef_sqrt.o)
                0x08006f74                __ieee754_sqrtf
 *fill*         0x08006f7a        0x2 
 .text.__ieee754_acosf
                0x08006f7c      0x1ec C:/ST/STM32CubeCLT_1.19.0/GNU-tools-for-STM32/bin/../lib/gcc/arm-none-eabi/13.3.1/../../../../arm-none-eabi/lib/thumb/v7e-m+fp/hard\libm.a(libm_a-ef_acos.o)
                0x08006f7c                __ieee754_acosf
 .text.__ieee754_asinf
                0x08007168      0x1c8 C:/ST/STM32CubeCLT_1.19.0/GNU-tools-for-STM32/bin/../lib/gcc/arm-none-eabi/13.3.1/../../../../arm-none-eabi/lib/thumb/v7e-m+fp/hard\libm.a(libm_a-ef_asin.o)
                0x08007168                __ieee754_asinf
 .text.__ieee754_atan2f
                0x08007330      0x140 C:/ST/STM32CubeCLT_1.19.0/GNU-tools-for-STM32/bin/../lib/gcc/arm-none-eabi/13.3.1/../../../../arm-none-eabi/lib/thumb/v7e-m+fp/hard\libm.a(libm_a-ef_atan2.o)
                0x08007330                __ieee754_atan2f
 .text.atanf    0x08007470      0x1a8 C:/ST/STM32CubeCLT_1.19.0/GNU-tools-for-STM32/bin/../lib/gcc/arm-none-eabi/13.3.1/../../../../arm-none-eabi/lib/thumb/v7e-m+fp/hard\libm.a(libm_a-sf_atan.o)
                0x08007470                atanf
 *(.glue_7)
 .glue_7        0x08007618        0x0 linker stubs
 *(.glue_7t)
 .glue_7t       0x08007618        0x0 linker stubs
 *(.eh_frame)
 .eh_frame      0x08007618        0x0 C:/ST/STM32CubeCLT_1.19.0/GNU-tools-for-STM32/bin/../lib/gcc/arm-none-eabi/13.3.1/thumb/v7e-m+fp/hard/crtbegin.o
 *(.init)
 .init          0x08007618        0x4 C:/ST/STM32CubeCLT_1.19.0/GNU-tools-for-STM32/bin/../lib/gcc/arm-none-eabi/13.3.1/thumb/v7e-m+fp/hard/crti.o
                0x08007618                _init
 .init          0x0800761c        0x8 C:/ST/STM32CubeCLT_1.19.0/GNU-tools-for-STM32/bin/../lib/gcc/arm-none-eabi/13.3.1/thumb/v7e-m+fp/hard/crtn.o
 *(.fini)
 .fini          0x08007624        0x4 C:/ST/STM32CubeCLT_1.19.0/GNU-tools-for-STM32/bin/../lib/gcc/arm-none-eabi/13.3.1/thumb/v7e-m+fp/hard/crti.o
                0x08007624                _fini
 .fini          0x08007628        0x8 C:/ST/STM32CubeCLT_1.19.0/GNU-tools-for-STM32/bin/../lib/gcc/arm-none-eabi/13.3.1/thumb/v7e-m+fp/hard/crtn.o
                0x08007630                        . = ALIGN (0x4)
                0x08007630                        _etext = .

.vfp11_veneer   0x08007630        0x0
 .vfp11_veneer  0x08007630        0x0 linker stubs

.v4_bx          0x08007630        0x0
 .v4_bx         0x08007630        0x0 linker stubs

.iplt           0x08007630        0x0
 .iplt          0x08007630        0x0 C:/ST/STM32CubeCLT_1.19.0/GNU-tools-for-STM32/bin/../lib/gcc/arm-none-eabi/13.3.1/thumb/v7e-m+fp/hard/crtbegin.o

.rodata         0x08007630      0x9b8
                0x08007630                        . = ALIGN (0x4)
 *(.rodata)
 *(.rodata*)
 .rodata.IMU_QuaternionEKF_F
                0x08007630       0x90 CMakeFiles/FreeMaster_Tutorial.elf.dir/Bsp/Gyro/Algorithm/QuaternionEKF.c.obj
                0x08007630                IMU_QuaternionEKF_F
 .rodata.str1.4
                0x080076c0       0x38 CMakeFiles/FreeMaster_Tutorial.elf.dir/Core/Src/freertos.c.obj
                                 0x20 (size before relaxing)
 .rodata.LED_R_Task_attributes
                0x080076f8       0x24 CMakeFiles/FreeMaster_Tutorial.elf.dir/Core/Src/freertos.c.obj
                0x080076f8                LED_R_Task_attributes
 .rodata.LED_G_Task_attributes
                0x0800771c       0x24 CMakeFiles/FreeMaster_Tutorial.elf.dir/Core/Src/freertos.c.obj
                0x0800771c                LED_G_Task_attributes
 .rodata.INSTask_attributes
                0x08007740       0x24 CMakeFiles/FreeMaster_Tutorial.elf.dir/Core/Src/freertos.c.obj
                0x08007740                INSTask_attributes
 .rodata.APBPrescTable
                0x08007764        0x8 CMakeFiles/FreeMaster_Tutorial.elf.dir/Core/Src/system_stm32f4xx.c.obj
                0x08007764                APBPrescTable
 .rodata.AHBPrescTable
                0x0800776c       0x10 CMakeFiles/FreeMaster_Tutorial.elf.dir/Core/Src/system_stm32f4xx.c.obj
                0x0800776c                AHBPrescTable
 .rodata.zb     0x0800777c        0xc CMakeFiles/FreeMaster_Tutorial.elf.dir/Core/Tasks/ins_task.c.obj
                0x0800777c                zb
 .rodata.yb     0x08007788        0xc CMakeFiles/FreeMaster_Tutorial.elf.dir/Core/Tasks/ins_task.c.obj
                0x08007788                yb
 .rodata.xb     0x08007794        0xc CMakeFiles/FreeMaster_Tutorial.elf.dir/Core/Tasks/ins_task.c.obj
                0x08007794                xb
 .rodata.flagBitshiftOffset.0
                0x080077a0        0x8 CMakeFiles/FreeMaster_Tutorial.elf.dir/Drivers/STM32F4xx_HAL_Driver/Src/stm32f4xx_hal_dma.c.obj
 .rodata.vTaskStartScheduler.str1.4
                0x080077a8        0x5 CMakeFiles/FreeMaster_Tutorial.elf.dir/Middlewares/Third_Party/FreeRTOS/Source/tasks.c.obj
 .rodata.prvCheckForValidListAndQueue.str1.4
                0x080077a8        0x5 CMakeFiles/FreeMaster_Tutorial.elf.dir/Middlewares/Third_Party/FreeRTOS/Source/timers.c.obj
 .rodata.xTimerCreateTimerTask.str1.4
                0x080077a8        0x8 CMakeFiles/FreeMaster_Tutorial.elf.dir/Middlewares/Third_Party/FreeRTOS/Source/timers.c.obj
 .rodata.sinTable_f32
                0x080077a8      0x804 C:/ST/HAL_Tutorial_XT/Tutorial_FreeRTOS_2/FreeMaster_Tutorial/Middlewares/ST/ARM/DSP/Lib/libarm_cortexM4lf_math.a(arm_common_tables.o)
                0x080077a8                sinTable_f32
 .rodata.acosf.str1.1
                0x08007fac        0x1 C:/ST/STM32CubeCLT_1.19.0/GNU-tools-for-STM32/bin/../lib/gcc/arm-none-eabi/13.3.1/../../../../arm-none-eabi/lib/thumb/v7e-m+fp/hard\libm.a(libm_a-wf_acos.o)
 .rodata.asinf.str1.1
                0x08007fad        0x1 C:/ST/STM32CubeCLT_1.19.0/GNU-tools-for-STM32/bin/../lib/gcc/arm-none-eabi/13.3.1/../../../../arm-none-eabi/lib/thumb/v7e-m+fp/hard\libm.a(libm_a-wf_asin.o)
 *fill*         0x08007fad        0x3 
 .rodata.CSWTCH.9
                0x08007fb0        0xc C:/ST/STM32CubeCLT_1.19.0/GNU-tools-for-STM32/bin/../lib/gcc/arm-none-eabi/13.3.1/../../../../arm-none-eabi/lib/thumb/v7e-m+fp/hard\libm.a(libm_a-ef_atan2.o)
 .rodata.CSWTCH.8
                0x08007fbc        0xc C:/ST/STM32CubeCLT_1.19.0/GNU-tools-for-STM32/bin/../lib/gcc/arm-none-eabi/13.3.1/../../../../arm-none-eabi/lib/thumb/v7e-m+fp/hard\libm.a(libm_a-ef_atan2.o)
 .rodata.atanlo
                0x08007fc8       0x10 C:/ST/STM32CubeCLT_1.19.0/GNU-tools-for-STM32/bin/../lib/gcc/arm-none-eabi/13.3.1/../../../../arm-none-eabi/lib/thumb/v7e-m+fp/hard\libm.a(libm_a-sf_atan.o)
 .rodata.atanhi
                0x08007fd8       0x10 C:/ST/STM32CubeCLT_1.19.0/GNU-tools-for-STM32/bin/../lib/gcc/arm-none-eabi/13.3.1/../../../../arm-none-eabi/lib/thumb/v7e-m+fp/hard\libm.a(libm_a-sf_atan.o)
                0x08007fe8                        . = ALIGN (0x4)

.ARM.extab      0x08007fe8        0x0
                0x08007fe8                        . = ALIGN (0x4)
 *(.ARM.extab* .gnu.linkonce.armextab.*)
                0x08007fe8                        . = ALIGN (0x4)

.ARM            0x08007fe8        0x8
                0x08007fe8                        . = ALIGN (0x4)
                0x08007fe8                        __exidx_start = .
 *(.ARM.exidx*)
 .ARM.exidx     0x08007fe8        0x8 C:/ST/STM32CubeCLT_1.19.0/GNU-tools-for-STM32/bin/../lib/gcc/arm-none-eabi/13.3.1/thumb/v7e-m+fp/hard\libgcc.a(_udivmoddi4.o)
                0x08007ff0                        __exidx_end = .
                0x08007ff0                        . = ALIGN (0x4)

.preinit_array  0x08007ff0        0x0
                0x08007ff0                        . = ALIGN (0x4)
                0x08007ff0                        PROVIDE (__preinit_array_start = .)
 *(.preinit_array*)
                0x08007ff0                        PROVIDE (__preinit_array_end = .)
                0x08007ff0                        . = ALIGN (0x4)

.init_array     0x08007ff0        0x8
                0x08007ff0                        . = ALIGN (0x4)
                0x08007ff0                        PROVIDE (__init_array_start = .)
 *(SORT_BY_NAME(.init_array.*))
 .init_array.00000
                0x08007ff0        0x4 C:/ST/STM32CubeCLT_1.19.0/GNU-tools-for-STM32/bin/../lib/gcc/arm-none-eabi/13.3.1/../../../../arm-none-eabi/lib/thumb/v7e-m+fp/hard\libg.a(libc_a-__call_atexit.o)
 *(.init_array*)
 .init_array    0x08007ff4        0x4 C:/ST/STM32CubeCLT_1.19.0/GNU-tools-for-STM32/bin/../lib/gcc/arm-none-eabi/13.3.1/thumb/v7e-m+fp/hard/crtbegin.o
                0x08007ff8                        PROVIDE (__init_array_end = .)
                0x08007ff8                        . = ALIGN (0x4)

.fini_array     0x08007ff8        0x4
                0x08007ff8                        . = ALIGN (0x4)
                0x08007ff8                        PROVIDE (__fini_array_start = .)
 *(SORT_BY_NAME(.fini_array.*))
 *(.fini_array*)
 .fini_array    0x08007ff8        0x4 C:/ST/STM32CubeCLT_1.19.0/GNU-tools-for-STM32/bin/../lib/gcc/arm-none-eabi/13.3.1/thumb/v7e-m+fp/hard/crtbegin.o
                0x08007ffc                        PROVIDE (__fini_array_end = .)
                0x08007ffc                        . = ALIGN (0x4)
                0x08007ffc                        _sidata = LOADADDR (.data)

.rel.dyn        0x08007ffc        0x0
 .rel.iplt      0x08007ffc        0x0 C:/ST/STM32CubeCLT_1.19.0/GNU-tools-for-STM32/bin/../lib/gcc/arm-none-eabi/13.3.1/thumb/v7e-m+fp/hard/crtbegin.o

.data           0x20000000      0x604 load address 0x08007ffc
                0x20000000                        . = ALIGN (0x4)
                0x20000000                        _sdata = .
 *(.data)
 *(.data*)
 .data.IMU_QuaternionEKF_P
                0x20000000       0x90 CMakeFiles/FreeMaster_Tutorial.elf.dir/Bsp/Gyro/Algorithm/QuaternionEKF.c.obj
                0x20000000                IMU_QuaternionEKF_P
 .data.caliOffset
                0x20000090        0x1 CMakeFiles/FreeMaster_Tutorial.elf.dir/Bsp/Gyro/Devices/BMI088driver.c.obj
                0x20000090                caliOffset
 *fill*         0x20000091        0x3 
 .data.BMI088_GYRO_SEN
                0x20000094        0x4 CMakeFiles/FreeMaster_Tutorial.elf.dir/Bsp/Gyro/Devices/BMI088driver.c.obj
                0x20000094                BMI088_GYRO_SEN
 .data.BMI088_ACCEL_SEN
                0x20000098        0x4 CMakeFiles/FreeMaster_Tutorial.elf.dir/Bsp/Gyro/Devices/BMI088driver.c.obj
                0x20000098                BMI088_ACCEL_SEN
 .data.SystemCoreClock
                0x2000009c        0x4 CMakeFiles/FreeMaster_Tutorial.elf.dir/Core/Src/system_stm32f4xx.c.obj
                0x2000009c                SystemCoreClock
 .data.uwTickFreq
                0x200000a0        0x1 CMakeFiles/FreeMaster_Tutorial.elf.dir/Drivers/STM32F4xx_HAL_Driver/Src/stm32f4xx_hal.c.obj
                0x200000a0                uwTickFreq
 *fill*         0x200000a1        0x3 
 .data.uwTickPrio
                0x200000a4        0x4 CMakeFiles/FreeMaster_Tutorial.elf.dir/Drivers/STM32F4xx_HAL_Driver/Src/stm32f4xx_hal.c.obj
                0x200000a4                uwTickPrio
 .data.uxCriticalNesting
                0x200000a8        0x4 CMakeFiles/FreeMaster_Tutorial.elf.dir/Middlewares/Third_Party/FreeRTOS/Source/portable/GCC/ARM_CM4F/port.c.obj
 .data.__malloc_sbrk_base
                0x200000ac        0x4 C:/ST/STM32CubeCLT_1.19.0/GNU-tools-for-STM32/bin/../lib/gcc/arm-none-eabi/13.3.1/../../../../arm-none-eabi/lib/thumb/v7e-m+fp/hard\libg.a(libc_a-mallocr.o)
                0x200000ac                __malloc_sbrk_base
 .data.__malloc_trim_threshold
                0x200000b0        0x4 C:/ST/STM32CubeCLT_1.19.0/GNU-tools-for-STM32/bin/../lib/gcc/arm-none-eabi/13.3.1/../../../../arm-none-eabi/lib/thumb/v7e-m+fp/hard\libg.a(libc_a-mallocr.o)
                0x200000b0                __malloc_trim_threshold
 .data.__malloc_av_
                0x200000b4      0x408 C:/ST/STM32CubeCLT_1.19.0/GNU-tools-for-STM32/bin/../lib/gcc/arm-none-eabi/13.3.1/../../../../arm-none-eabi/lib/thumb/v7e-m+fp/hard\libg.a(libc_a-mallocr.o)
                0x200000b4                __malloc_av_
 .data._impure_ptr
                0x200004bc        0x4 C:/ST/STM32CubeCLT_1.19.0/GNU-tools-for-STM32/bin/../lib/gcc/arm-none-eabi/13.3.1/../../../../arm-none-eabi/lib/thumb/v7e-m+fp/hard\libg.a(libc_a-impure.o)
                0x200004bc                _impure_ptr
 .data._impure_data
                0x200004c0      0x140 C:/ST/STM32CubeCLT_1.19.0/GNU-tools-for-STM32/bin/../lib/gcc/arm-none-eabi/13.3.1/../../../../arm-none-eabi/lib/thumb/v7e-m+fp/hard\libg.a(libc_a-impure.o)
                0x200004c0                _impure_data
 .data.__atexit_recursive_mutex
                0x20000600        0x4 C:/ST/STM32CubeCLT_1.19.0/GNU-tools-for-STM32/bin/../lib/gcc/arm-none-eabi/13.3.1/../../../../arm-none-eabi/lib/thumb/v7e-m+fp/hard\libg.a(libc_a-__call_atexit.o)
                0x20000600                __atexit_recursive_mutex
 *(.RamFunc)
 *(.RamFunc*)
                0x20000604                        . = ALIGN (0x4)
                0x20000604                        _edata = .
                0x08008600                        _siccmram = LOADADDR (.ccmram)

.igot.plt       0x20000604        0x0 load address 0x08008600
 .igot.plt      0x20000604        0x0 C:/ST/STM32CubeCLT_1.19.0/GNU-tools-for-STM32/bin/../lib/gcc/arm-none-eabi/13.3.1/thumb/v7e-m+fp/hard/crtbegin.o

.ccmram         0x10000000        0x0 load address 0x08008600
                0x10000000                        . = ALIGN (0x4)
                0x10000000                        _sccmram = .
 *(.ccmram)
 *(.ccmram*)
                0x10000000                        . = ALIGN (0x4)
                0x10000000                        _eccmram = .
                0x10000000                        . = ALIGN (0x4)

.bss            0x20000608     0x5488
                0x20000608                        _sbss = .
                0x20000608                        __bss_start__ = _sbss
 *(.bss)
 .bss           0x20000608       0x1c C:/ST/STM32CubeCLT_1.19.0/GNU-tools-for-STM32/bin/../lib/gcc/arm-none-eabi/13.3.1/thumb/v7e-m+fp/hard/crtbegin.o
 *(.bss*)
 .bss.accelInvNorm.0
                0x20000624        0x4 CMakeFiles/FreeMaster_Tutorial.elf.dir/Bsp/Gyro/Algorithm/QuaternionEKF.c.obj
 .bss.halfgzdt.1
                0x20000628        0x4 CMakeFiles/FreeMaster_Tutorial.elf.dir/Bsp/Gyro/Algorithm/QuaternionEKF.c.obj
 .bss.halfgydt.2
                0x2000062c        0x4 CMakeFiles/FreeMaster_Tutorial.elf.dir/Bsp/Gyro/Algorithm/QuaternionEKF.c.obj
 .bss.halfgxdt.3
                0x20000630        0x4 CMakeFiles/FreeMaster_Tutorial.elf.dir/Bsp/Gyro/Algorithm/QuaternionEKF.c.obj
 .bss.qInvNorm.4
                0x20000634        0x4 CMakeFiles/FreeMaster_Tutorial.elf.dir/Bsp/Gyro/Algorithm/QuaternionEKF.c.obj
 .bss.q3.5      0x20000638        0x4 CMakeFiles/FreeMaster_Tutorial.elf.dir/Bsp/Gyro/Algorithm/QuaternionEKF.c.obj
 .bss.q2.6      0x2000063c        0x4 CMakeFiles/FreeMaster_Tutorial.elf.dir/Bsp/Gyro/Algorithm/QuaternionEKF.c.obj
 .bss.q1.7      0x20000640        0x4 CMakeFiles/FreeMaster_Tutorial.elf.dir/Bsp/Gyro/Algorithm/QuaternionEKF.c.obj
 .bss.q0.8      0x20000644        0x4 CMakeFiles/FreeMaster_Tutorial.elf.dir/Bsp/Gyro/Algorithm/QuaternionEKF.c.obj
 .bss.doubleq3.9
                0x20000648        0x4 CMakeFiles/FreeMaster_Tutorial.elf.dir/Bsp/Gyro/Algorithm/QuaternionEKF.c.obj
 .bss.doubleq2.10
                0x2000064c        0x4 CMakeFiles/FreeMaster_Tutorial.elf.dir/Bsp/Gyro/Algorithm/QuaternionEKF.c.obj
 .bss.doubleq1.11
                0x20000650        0x4 CMakeFiles/FreeMaster_Tutorial.elf.dir/Bsp/Gyro/Algorithm/QuaternionEKF.c.obj
 .bss.doubleq0.12
                0x20000654        0x4 CMakeFiles/FreeMaster_Tutorial.elf.dir/Bsp/Gyro/Algorithm/QuaternionEKF.c.obj
 .bss.q3.13     0x20000658        0x4 CMakeFiles/FreeMaster_Tutorial.elf.dir/Bsp/Gyro/Algorithm/QuaternionEKF.c.obj
 .bss.q2.14     0x2000065c        0x4 CMakeFiles/FreeMaster_Tutorial.elf.dir/Bsp/Gyro/Algorithm/QuaternionEKF.c.obj
 .bss.q1.15     0x20000660        0x4 CMakeFiles/FreeMaster_Tutorial.elf.dir/Bsp/Gyro/Algorithm/QuaternionEKF.c.obj
 .bss.q0.16     0x20000664        0x4 CMakeFiles/FreeMaster_Tutorial.elf.dir/Bsp/Gyro/Algorithm/QuaternionEKF.c.obj
 .bss.IMU_QuaternionEKF_H
                0x20000668       0x48 CMakeFiles/FreeMaster_Tutorial.elf.dir/Bsp/Gyro/Algorithm/QuaternionEKF.c.obj
                0x20000668                IMU_QuaternionEKF_H
 .bss.IMU_QuaternionEKF_K
                0x200006b0       0x48 CMakeFiles/FreeMaster_Tutorial.elf.dir/Bsp/Gyro/Algorithm/QuaternionEKF.c.obj
                0x200006b0                IMU_QuaternionEKF_K
 .bss.QEKF_INS  0x200006f8      0x1e0 CMakeFiles/FreeMaster_Tutorial.elf.dir/Bsp/Gyro/Algorithm/QuaternionEKF.c.obj
                0x200006f8                QEKF_INS
 .bss.BMI088_SPI
                0x200008d8        0x4 CMakeFiles/FreeMaster_Tutorial.elf.dir/Bsp/Gyro/Devices/BMI088Middleware.c.obj
                0x200008d8                BMI088_SPI
 .bss.bmi088_raw_temp.0
                0x200008dc        0x2 CMakeFiles/FreeMaster_Tutorial.elf.dir/Bsp/Gyro/Devices/BMI088driver.c.obj
 *fill*         0x200008de        0x2 
 .bss.buf.1     0x200008e0        0x8 CMakeFiles/FreeMaster_Tutorial.elf.dir/Bsp/Gyro/Devices/BMI088driver.c.obj
 .bss.BMI088    0x200008e8       0x34 CMakeFiles/FreeMaster_Tutorial.elf.dir/Bsp/Gyro/Devices/BMI088driver.c.obj
                0x200008e8                BMI088
 .bss.sizeof_double
                0x2000091c        0x2 CMakeFiles/FreeMaster_Tutorial.elf.dir/Bsp/Gyro/kalman_filter.c.obj
                0x2000091c                sizeof_double
 .bss.sizeof_float
                0x2000091e        0x2 CMakeFiles/FreeMaster_Tutorial.elf.dir/Bsp/Gyro/kalman_filter.c.obj
                0x2000091e                sizeof_float
 .bss.LED_R_TaskHandle
                0x20000920        0x4 CMakeFiles/FreeMaster_Tutorial.elf.dir/Core/Src/freertos.c.obj
                0x20000920                LED_R_TaskHandle
 .bss.LED_G_TaskHandle
                0x20000924        0x4 CMakeFiles/FreeMaster_Tutorial.elf.dir/Core/Src/freertos.c.obj
                0x20000924                LED_G_TaskHandle
 .bss.INSTaskHandle
                0x20000928        0x4 CMakeFiles/FreeMaster_Tutorial.elf.dir/Core/Src/freertos.c.obj
                0x20000928                INSTaskHandle
 .bss.hdma_spi1_tx
                0x2000092c       0x60 CMakeFiles/FreeMaster_Tutorial.elf.dir/Core/Src/spi.c.obj
                0x2000092c                hdma_spi1_tx
 .bss.hdma_spi1_rx
                0x2000098c       0x60 CMakeFiles/FreeMaster_Tutorial.elf.dir/Core/Src/spi.c.obj
                0x2000098c                hdma_spi1_rx
 .bss.hspi1     0x200009ec       0x58 CMakeFiles/FreeMaster_Tutorial.elf.dir/Core/Src/spi.c.obj
                0x200009ec                hspi1
 .bss.htim2     0x20000a44       0x48 CMakeFiles/FreeMaster_Tutorial.elf.dir/Core/Src/stm32f4xx_hal_timebase_tim.c.obj
                0x20000a44                htim2
 .bss.__sbrk_heap_end
                0x20000a8c        0x4 CMakeFiles/FreeMaster_Tutorial.elf.dir/Core/Src/sysmem.c.obj
 .bss.htim10    0x20000a90       0x48 CMakeFiles/FreeMaster_Tutorial.elf.dir/Core/Src/tim.c.obj
                0x20000a90                htim10
 .bss.c_33.0    0x20000ad8        0x4 CMakeFiles/FreeMaster_Tutorial.elf.dir/Core/Tasks/ins_task.c.obj
 .bss.c_32.1    0x20000adc        0x4 CMakeFiles/FreeMaster_Tutorial.elf.dir/Core/Tasks/ins_task.c.obj
 .bss.c_31.2    0x20000ae0        0x4 CMakeFiles/FreeMaster_Tutorial.elf.dir/Core/Tasks/ins_task.c.obj
 .bss.c_23.3    0x20000ae4        0x4 CMakeFiles/FreeMaster_Tutorial.elf.dir/Core/Tasks/ins_task.c.obj
 .bss.c_22.4    0x20000ae8        0x4 CMakeFiles/FreeMaster_Tutorial.elf.dir/Core/Tasks/ins_task.c.obj
 .bss.c_21.5    0x20000aec        0x4 CMakeFiles/FreeMaster_Tutorial.elf.dir/Core/Tasks/ins_task.c.obj
 .bss.c_13.6    0x20000af0        0x4 CMakeFiles/FreeMaster_Tutorial.elf.dir/Core/Tasks/ins_task.c.obj
 .bss.c_12.7    0x20000af4        0x4 CMakeFiles/FreeMaster_Tutorial.elf.dir/Core/Tasks/ins_task.c.obj
 .bss.c_11.8    0x20000af8        0x4 CMakeFiles/FreeMaster_Tutorial.elf.dir/Core/Tasks/ins_task.c.obj
 .bss.lastRollOffset.9
                0x20000afc        0x4 CMakeFiles/FreeMaster_Tutorial.elf.dir/Core/Tasks/ins_task.c.obj
 .bss.lastPitchOffset.10
                0x20000b00        0x4 CMakeFiles/FreeMaster_Tutorial.elf.dir/Core/Tasks/ins_task.c.obj
 .bss.lastYawOffset.11
                0x20000b04        0x4 CMakeFiles/FreeMaster_Tutorial.elf.dir/Core/Tasks/ins_task.c.obj
 .bss.count.12  0x20000b08        0x4 CMakeFiles/FreeMaster_Tutorial.elf.dir/Core/Tasks/ins_task.c.obj
 .bss.t         0x20000b0c        0x4 CMakeFiles/FreeMaster_Tutorial.elf.dir/Core/Tasks/ins_task.c.obj
 .bss.IMU_Param
                0x20000b10       0x1c CMakeFiles/FreeMaster_Tutorial.elf.dir/Core/Tasks/ins_task.c.obj
                0x20000b10                IMU_Param
 .bss.INS       0x20000b2c       0x80 CMakeFiles/FreeMaster_Tutorial.elf.dir/Core/Tasks/ins_task.c.obj
                0x20000b2c                INS
 .bss.uwTick    0x20000bac        0x4 CMakeFiles/FreeMaster_Tutorial.elf.dir/Drivers/STM32F4xx_HAL_Driver/Src/stm32f4xx_hal.c.obj
                0x20000bac                uwTick
 .bss.Timer_Stack.0
                0x20000bb0      0x400 CMakeFiles/FreeMaster_Tutorial.elf.dir/Middlewares/Third_Party/FreeRTOS/Source/CMSIS_RTOS_V2/cmsis_os2.c.obj
 .bss.Timer_TCB.1
                0x20000fb0      0x1a0 CMakeFiles/FreeMaster_Tutorial.elf.dir/Middlewares/Third_Party/FreeRTOS/Source/CMSIS_RTOS_V2/cmsis_os2.c.obj
 .bss.Idle_Stack.2
                0x20001150      0x200 CMakeFiles/FreeMaster_Tutorial.elf.dir/Middlewares/Third_Party/FreeRTOS/Source/CMSIS_RTOS_V2/cmsis_os2.c.obj
 .bss.Idle_TCB.3
                0x20001350      0x1a0 CMakeFiles/FreeMaster_Tutorial.elf.dir/Middlewares/Third_Party/FreeRTOS/Source/CMSIS_RTOS_V2/cmsis_os2.c.obj
 .bss.KernelState
                0x200014f0        0x4 CMakeFiles/FreeMaster_Tutorial.elf.dir/Middlewares/Third_Party/FreeRTOS/Source/CMSIS_RTOS_V2/cmsis_os2.c.obj
 .bss.ulMaxPRIGROUPValue
                0x200014f4        0x4 CMakeFiles/FreeMaster_Tutorial.elf.dir/Middlewares/Third_Party/FreeRTOS/Source/portable/GCC/ARM_CM4F/port.c.obj
 .bss.ucMaxSysCallPriority
                0x200014f8        0x1 CMakeFiles/FreeMaster_Tutorial.elf.dir/Middlewares/Third_Party/FreeRTOS/Source/portable/GCC/ARM_CM4F/port.c.obj
 *fill*         0x200014f9        0x3 
 .bss.xBlockAllocatedBit
                0x200014fc        0x4 CMakeFiles/FreeMaster_Tutorial.elf.dir/Middlewares/Third_Party/FreeRTOS/Source/portable/MemMang/heap_4.c.obj
 .bss.xNumberOfSuccessfulFrees
                0x20001500        0x4 CMakeFiles/FreeMaster_Tutorial.elf.dir/Middlewares/Third_Party/FreeRTOS/Source/portable/MemMang/heap_4.c.obj
 .bss.xNumberOfSuccessfulAllocations
                0x20001504        0x4 CMakeFiles/FreeMaster_Tutorial.elf.dir/Middlewares/Third_Party/FreeRTOS/Source/portable/MemMang/heap_4.c.obj
 .bss.xMinimumEverFreeBytesRemaining
                0x20001508        0x4 CMakeFiles/FreeMaster_Tutorial.elf.dir/Middlewares/Third_Party/FreeRTOS/Source/portable/MemMang/heap_4.c.obj
 .bss.xFreeBytesRemaining
                0x2000150c        0x4 CMakeFiles/FreeMaster_Tutorial.elf.dir/Middlewares/Third_Party/FreeRTOS/Source/portable/MemMang/heap_4.c.obj
 .bss.pxEnd     0x20001510        0x4 CMakeFiles/FreeMaster_Tutorial.elf.dir/Middlewares/Third_Party/FreeRTOS/Source/portable/MemMang/heap_4.c.obj
 .bss.xStart    0x20001514        0x8 CMakeFiles/FreeMaster_Tutorial.elf.dir/Middlewares/Third_Party/FreeRTOS/Source/portable/MemMang/heap_4.c.obj
 .bss.ucHeap    0x2000151c     0x3c00 CMakeFiles/FreeMaster_Tutorial.elf.dir/Middlewares/Third_Party/FreeRTOS/Source/portable/MemMang/heap_4.c.obj
 .bss.xQueueRegistry
                0x2000511c       0x40 CMakeFiles/FreeMaster_Tutorial.elf.dir/Middlewares/Third_Party/FreeRTOS/Source/queue.c.obj
                0x2000511c                xQueueRegistry
 .bss.uxSchedulerSuspended
                0x2000515c        0x4 CMakeFiles/FreeMaster_Tutorial.elf.dir/Middlewares/Third_Party/FreeRTOS/Source/tasks.c.obj
 .bss.xIdleTaskHandle
                0x20005160        0x4 CMakeFiles/FreeMaster_Tutorial.elf.dir/Middlewares/Third_Party/FreeRTOS/Source/tasks.c.obj
 .bss.xNextTaskUnblockTime
                0x20005164        0x4 CMakeFiles/FreeMaster_Tutorial.elf.dir/Middlewares/Third_Party/FreeRTOS/Source/tasks.c.obj
 .bss.uxTaskNumber
                0x20005168        0x4 CMakeFiles/FreeMaster_Tutorial.elf.dir/Middlewares/Third_Party/FreeRTOS/Source/tasks.c.obj
 .bss.xNumOfOverflows
                0x2000516c        0x4 CMakeFiles/FreeMaster_Tutorial.elf.dir/Middlewares/Third_Party/FreeRTOS/Source/tasks.c.obj
 .bss.xYieldPending
                0x20005170        0x4 CMakeFiles/FreeMaster_Tutorial.elf.dir/Middlewares/Third_Party/FreeRTOS/Source/tasks.c.obj
 .bss.xPendedTicks
                0x20005174        0x4 CMakeFiles/FreeMaster_Tutorial.elf.dir/Middlewares/Third_Party/FreeRTOS/Source/tasks.c.obj
 .bss.xSchedulerRunning
                0x20005178        0x4 CMakeFiles/FreeMaster_Tutorial.elf.dir/Middlewares/Third_Party/FreeRTOS/Source/tasks.c.obj
 .bss.uxTopReadyPriority
                0x2000517c        0x4 CMakeFiles/FreeMaster_Tutorial.elf.dir/Middlewares/Third_Party/FreeRTOS/Source/tasks.c.obj
 .bss.xTickCount
                0x20005180        0x4 CMakeFiles/FreeMaster_Tutorial.elf.dir/Middlewares/Third_Party/FreeRTOS/Source/tasks.c.obj
 .bss.uxCurrentNumberOfTasks
                0x20005184        0x4 CMakeFiles/FreeMaster_Tutorial.elf.dir/Middlewares/Third_Party/FreeRTOS/Source/tasks.c.obj
 .bss.xSuspendedTaskList
                0x20005188       0x14 CMakeFiles/FreeMaster_Tutorial.elf.dir/Middlewares/Third_Party/FreeRTOS/Source/tasks.c.obj
 .bss.uxDeletedTasksWaitingCleanUp
                0x2000519c        0x4 CMakeFiles/FreeMaster_Tutorial.elf.dir/Middlewares/Third_Party/FreeRTOS/Source/tasks.c.obj
 .bss.xTasksWaitingTermination
                0x200051a0       0x14 CMakeFiles/FreeMaster_Tutorial.elf.dir/Middlewares/Third_Party/FreeRTOS/Source/tasks.c.obj
 .bss.xPendingReadyList
                0x200051b4       0x14 CMakeFiles/FreeMaster_Tutorial.elf.dir/Middlewares/Third_Party/FreeRTOS/Source/tasks.c.obj
 .bss.pxOverflowDelayedTaskList
                0x200051c8        0x4 CMakeFiles/FreeMaster_Tutorial.elf.dir/Middlewares/Third_Party/FreeRTOS/Source/tasks.c.obj
 .bss.pxDelayedTaskList
                0x200051cc        0x4 CMakeFiles/FreeMaster_Tutorial.elf.dir/Middlewares/Third_Party/FreeRTOS/Source/tasks.c.obj
 .bss.xDelayedTaskList2
                0x200051d0       0x14 CMakeFiles/FreeMaster_Tutorial.elf.dir/Middlewares/Third_Party/FreeRTOS/Source/tasks.c.obj
 .bss.xDelayedTaskList1
                0x200051e4       0x14 CMakeFiles/FreeMaster_Tutorial.elf.dir/Middlewares/Third_Party/FreeRTOS/Source/tasks.c.obj
 .bss.pxReadyTasksLists
                0x200051f8      0x460 CMakeFiles/FreeMaster_Tutorial.elf.dir/Middlewares/Third_Party/FreeRTOS/Source/tasks.c.obj
 .bss.pxCurrentTCB
                0x20005658        0x4 CMakeFiles/FreeMaster_Tutorial.elf.dir/Middlewares/Third_Party/FreeRTOS/Source/tasks.c.obj
                0x20005658                pxCurrentTCB
 .bss.xStaticTimerQueue.0
                0x2000565c       0x50 CMakeFiles/FreeMaster_Tutorial.elf.dir/Middlewares/Third_Party/FreeRTOS/Source/timers.c.obj
 .bss.ucStaticTimerQueueStorage.1
                0x200056ac       0xa0 CMakeFiles/FreeMaster_Tutorial.elf.dir/Middlewares/Third_Party/FreeRTOS/Source/timers.c.obj
 .bss.xLastTime.2
                0x2000574c        0x4 CMakeFiles/FreeMaster_Tutorial.elf.dir/Middlewares/Third_Party/FreeRTOS/Source/timers.c.obj
 .bss.xTimerTaskHandle
                0x20005750        0x4 CMakeFiles/FreeMaster_Tutorial.elf.dir/Middlewares/Third_Party/FreeRTOS/Source/timers.c.obj
 .bss.xTimerQueue
                0x20005754        0x4 CMakeFiles/FreeMaster_Tutorial.elf.dir/Middlewares/Third_Party/FreeRTOS/Source/timers.c.obj
 .bss.pxOverflowTimerList
                0x20005758        0x4 CMakeFiles/FreeMaster_Tutorial.elf.dir/Middlewares/Third_Party/FreeRTOS/Source/timers.c.obj
 .bss.pxCurrentTimerList
                0x2000575c        0x4 CMakeFiles/FreeMaster_Tutorial.elf.dir/Middlewares/Third_Party/FreeRTOS/Source/timers.c.obj
 .bss.xActiveTimerList2
                0x20005760       0x14 CMakeFiles/FreeMaster_Tutorial.elf.dir/Middlewares/Third_Party/FreeRTOS/Source/timers.c.obj
 .bss.xActiveTimerList1
                0x20005774       0x14 CMakeFiles/FreeMaster_Tutorial.elf.dir/Middlewares/Third_Party/FreeRTOS/Source/timers.c.obj
 .bss.__malloc_current_mallinfo
                0x20005788       0x28 C:/ST/STM32CubeCLT_1.19.0/GNU-tools-for-STM32/bin/../lib/gcc/arm-none-eabi/13.3.1/../../../../arm-none-eabi/lib/thumb/v7e-m+fp/hard\libg.a(libc_a-mallocr.o)
                0x20005788                __malloc_current_mallinfo
 .bss.__malloc_max_total_mem
                0x200057b0        0x4 C:/ST/STM32CubeCLT_1.19.0/GNU-tools-for-STM32/bin/../lib/gcc/arm-none-eabi/13.3.1/../../../../arm-none-eabi/lib/thumb/v7e-m+fp/hard\libg.a(libc_a-mallocr.o)
                0x200057b0                __malloc_max_total_mem
 .bss.__malloc_max_sbrked_mem
                0x200057b4        0x4 C:/ST/STM32CubeCLT_1.19.0/GNU-tools-for-STM32/bin/../lib/gcc/arm-none-eabi/13.3.1/../../../../arm-none-eabi/lib/thumb/v7e-m+fp/hard\libg.a(libc_a-mallocr.o)
                0x200057b4                __malloc_max_sbrked_mem
 .bss.__malloc_top_pad
                0x200057b8        0x4 C:/ST/STM32CubeCLT_1.19.0/GNU-tools-for-STM32/bin/../lib/gcc/arm-none-eabi/13.3.1/../../../../arm-none-eabi/lib/thumb/v7e-m+fp/hard\libg.a(libc_a-mallocr.o)
                0x200057b8                __malloc_top_pad
 .bss.__sf      0x200057bc      0x138 C:/ST/STM32CubeCLT_1.19.0/GNU-tools-for-STM32/bin/../lib/gcc/arm-none-eabi/13.3.1/../../../../arm-none-eabi/lib/thumb/v7e-m+fp/hard\libg.a(libc_a-findfp.o)
                0x200057bc                __sf
 .bss.errno     0x200058f4        0x4 C:/ST/STM32CubeCLT_1.19.0/GNU-tools-for-STM32/bin/../lib/gcc/arm-none-eabi/13.3.1/../../../../arm-none-eabi/lib/thumb/v7e-m+fp/hard\libg.a(libc_a-reent.o)
                0x200058f4                errno
 .bss.__lock___malloc_recursive_mutex
                0x200058f8        0x1 C:/ST/STM32CubeCLT_1.19.0/GNU-tools-for-STM32/bin/../lib/gcc/arm-none-eabi/13.3.1/../../../../arm-none-eabi/lib/thumb/v7e-m+fp/hard\libg.a(libc_a-lock.o)
                0x200058f8                __lock___malloc_recursive_mutex
 .bss.__lock___atexit_recursive_mutex
                0x200058f9        0x1 C:/ST/STM32CubeCLT_1.19.0/GNU-tools-for-STM32/bin/../lib/gcc/arm-none-eabi/13.3.1/../../../../arm-none-eabi/lib/thumb/v7e-m+fp/hard\libg.a(libc_a-lock.o)
                0x200058f9                __lock___atexit_recursive_mutex
 *fill*         0x200058fa        0x2 
 .bss.__atexit  0x200058fc        0x4 C:/ST/STM32CubeCLT_1.19.0/GNU-tools-for-STM32/bin/../lib/gcc/arm-none-eabi/13.3.1/../../../../arm-none-eabi/lib/thumb/v7e-m+fp/hard\libg.a(libc_a-__call_atexit.o)
                0x200058fc                __atexit
 .bss.__atexit0
                0x20005900      0x190 C:/ST/STM32CubeCLT_1.19.0/GNU-tools-for-STM32/bin/../lib/gcc/arm-none-eabi/13.3.1/../../../../arm-none-eabi/lib/thumb/v7e-m+fp/hard\libg.a(libc_a-__atexit.o)
                0x20005900                __atexit0
 *(COMMON)
                0x20005a90                        . = ALIGN (0x4)
                0x20005a90                        _ebss = .
                0x20005a90                        __bss_end__ = _ebss

._user_heap_stack
                0x20005a90      0x600
                0x20005a90                        . = ALIGN (0x8)
                [!provide]                        PROVIDE (end = .)
                0x20005a90                        PROVIDE (_end = .)
                0x20005c90                        . = (. + _Min_Heap_Size)
 *fill*         0x20005a90      0x200 
                0x20006090                        . = (. + _Min_Stack_Size)
 *fill*         0x20005c90      0x400 
                0x20006090                        . = ALIGN (0x8)

/DISCARD/
 libc.a(*)
 libm.a(*)
 libgcc.a(*)

.ARM.attributes
                0x00000000       0x30
 *(.ARM.attributes)
 .ARM.attributes
                0x00000000       0x22 C:/ST/STM32CubeCLT_1.19.0/GNU-tools-for-STM32/bin/../lib/gcc/arm-none-eabi/13.3.1/thumb/v7e-m+fp/hard/crti.o
 .ARM.attributes
                0x00000022       0x34 C:/ST/STM32CubeCLT_1.19.0/GNU-tools-for-STM32/bin/../lib/gcc/arm-none-eabi/13.3.1/thumb/v7e-m+fp/hard/crtbegin.o
 .ARM.attributes
                0x00000056       0x34 CMakeFiles/FreeMaster_Tutorial.elf.dir/Bsp/Gyro/Algorithm/QuaternionEKF.c.obj
 .ARM.attributes
                0x0000008a       0x34 CMakeFiles/FreeMaster_Tutorial.elf.dir/Bsp/Gyro/Devices/BMI088Middleware.c.obj
 .ARM.attributes
                0x000000be       0x34 CMakeFiles/FreeMaster_Tutorial.elf.dir/Bsp/Gyro/Devices/BMI088driver.c.obj
 .ARM.attributes
                0x000000f2       0x34 CMakeFiles/FreeMaster_Tutorial.elf.dir/Bsp/Gyro/kalman_filter.c.obj
 .ARM.attributes
                0x00000126       0x34 CMakeFiles/FreeMaster_Tutorial.elf.dir/Core/Src/dma.c.obj
 .ARM.attributes
                0x0000015a       0x34 CMakeFiles/FreeMaster_Tutorial.elf.dir/Core/Src/freertos.c.obj
 .ARM.attributes
                0x0000018e       0x34 CMakeFiles/FreeMaster_Tutorial.elf.dir/Core/Src/gpio.c.obj
 .ARM.attributes
                0x000001c2       0x34 CMakeFiles/FreeMaster_Tutorial.elf.dir/Core/Src/main.c.obj
 .ARM.attributes
                0x000001f6       0x34 CMakeFiles/FreeMaster_Tutorial.elf.dir/Core/Src/spi.c.obj
 .ARM.attributes
                0x0000022a       0x34 CMakeFiles/FreeMaster_Tutorial.elf.dir/Core/Src/stm32f4xx_hal_msp.c.obj
 .ARM.attributes
                0x0000025e       0x34 CMakeFiles/FreeMaster_Tutorial.elf.dir/Core/Src/stm32f4xx_hal_timebase_tim.c.obj
 .ARM.attributes
                0x00000292       0x34 CMakeFiles/FreeMaster_Tutorial.elf.dir/Core/Src/stm32f4xx_it.c.obj
 .ARM.attributes
                0x000002c6       0x34 CMakeFiles/FreeMaster_Tutorial.elf.dir/Core/Src/sysmem.c.obj
 .ARM.attributes
                0x000002fa       0x34 CMakeFiles/FreeMaster_Tutorial.elf.dir/Core/Src/system_stm32f4xx.c.obj
 .ARM.attributes
                0x0000032e       0x34 CMakeFiles/FreeMaster_Tutorial.elf.dir/Core/Src/tim.c.obj
 .ARM.attributes
                0x00000362       0x21 CMakeFiles/FreeMaster_Tutorial.elf.dir/Core/Startup/startup_stm32f407ighx.s.obj
 .ARM.attributes
                0x00000383       0x34 CMakeFiles/FreeMaster_Tutorial.elf.dir/Core/Tasks/ins_task.c.obj
 .ARM.attributes
                0x000003b7       0x34 CMakeFiles/FreeMaster_Tutorial.elf.dir/Core/Tasks/led_tasks.c.obj
 .ARM.attributes
                0x000003eb       0x34 CMakeFiles/FreeMaster_Tutorial.elf.dir/Drivers/STM32F4xx_HAL_Driver/Src/stm32f4xx_hal.c.obj
 .ARM.attributes
                0x0000041f       0x34 CMakeFiles/FreeMaster_Tutorial.elf.dir/Drivers/STM32F4xx_HAL_Driver/Src/stm32f4xx_hal_cortex.c.obj
 .ARM.attributes
                0x00000453       0x34 CMakeFiles/FreeMaster_Tutorial.elf.dir/Drivers/STM32F4xx_HAL_Driver/Src/stm32f4xx_hal_dma.c.obj
 .ARM.attributes
                0x00000487       0x34 CMakeFiles/FreeMaster_Tutorial.elf.dir/Drivers/STM32F4xx_HAL_Driver/Src/stm32f4xx_hal_gpio.c.obj
 .ARM.attributes
                0x000004bb       0x34 CMakeFiles/FreeMaster_Tutorial.elf.dir/Drivers/STM32F4xx_HAL_Driver/Src/stm32f4xx_hal_rcc.c.obj
 .ARM.attributes
                0x000004ef       0x34 CMakeFiles/FreeMaster_Tutorial.elf.dir/Drivers/STM32F4xx_HAL_Driver/Src/stm32f4xx_hal_spi.c.obj
 .ARM.attributes
                0x00000523       0x34 CMakeFiles/FreeMaster_Tutorial.elf.dir/Drivers/STM32F4xx_HAL_Driver/Src/stm32f4xx_hal_tim.c.obj
 .ARM.attributes
                0x00000557       0x34 CMakeFiles/FreeMaster_Tutorial.elf.dir/Drivers/STM32F4xx_HAL_Driver/Src/stm32f4xx_hal_tim_ex.c.obj
 .ARM.attributes
                0x0000058b       0x34 CMakeFiles/FreeMaster_Tutorial.elf.dir/Middlewares/Third_Party/FreeRTOS/Source/CMSIS_RTOS_V2/cmsis_os2.c.obj
 .ARM.attributes
                0x000005bf       0x34 CMakeFiles/FreeMaster_Tutorial.elf.dir/Middlewares/Third_Party/FreeRTOS/Source/list.c.obj
 .ARM.attributes
                0x000005f3       0x34 CMakeFiles/FreeMaster_Tutorial.elf.dir/Middlewares/Third_Party/FreeRTOS/Source/portable/GCC/ARM_CM4F/port.c.obj
 .ARM.attributes
                0x00000627       0x34 CMakeFiles/FreeMaster_Tutorial.elf.dir/Middlewares/Third_Party/FreeRTOS/Source/portable/MemMang/heap_4.c.obj
 .ARM.attributes
                0x0000065b       0x34 CMakeFiles/FreeMaster_Tutorial.elf.dir/Middlewares/Third_Party/FreeRTOS/Source/queue.c.obj
 .ARM.attributes
                0x0000068f       0x34 CMakeFiles/FreeMaster_Tutorial.elf.dir/Middlewares/Third_Party/FreeRTOS/Source/tasks.c.obj
 .ARM.attributes
                0x000006c3       0x34 CMakeFiles/FreeMaster_Tutorial.elf.dir/Middlewares/Third_Party/FreeRTOS/Source/timers.c.obj
 .ARM.attributes
                0x000006f7       0x34 C:/ST/HAL_Tutorial_XT/Tutorial_FreeRTOS_2/FreeMaster_Tutorial/Middlewares/ST/ARM/DSP/Lib/libarm_cortexM4lf_math.a(arm_mat_trans_f32.o)
 .ARM.attributes
                0x0000072b       0x34 C:/ST/HAL_Tutorial_XT/Tutorial_FreeRTOS_2/FreeMaster_Tutorial/Middlewares/ST/ARM/DSP/Lib/libarm_cortexM4lf_math.a(arm_mat_sub_f32.o)
 .ARM.attributes
                0x0000075f       0x34 C:/ST/HAL_Tutorial_XT/Tutorial_FreeRTOS_2/FreeMaster_Tutorial/Middlewares/ST/ARM/DSP/Lib/libarm_cortexM4lf_math.a(arm_mat_mult_f32.o)
 .ARM.attributes
                0x00000793       0x34 C:/ST/HAL_Tutorial_XT/Tutorial_FreeRTOS_2/FreeMaster_Tutorial/Middlewares/ST/ARM/DSP/Lib/libarm_cortexM4lf_math.a(arm_mat_inverse_f32.o)
 .ARM.attributes
                0x000007c7       0x34 C:/ST/HAL_Tutorial_XT/Tutorial_FreeRTOS_2/FreeMaster_Tutorial/Middlewares/ST/ARM/DSP/Lib/libarm_cortexM4lf_math.a(arm_mat_init_f32.o)
 .ARM.attributes
                0x000007fb       0x34 C:/ST/HAL_Tutorial_XT/Tutorial_FreeRTOS_2/FreeMaster_Tutorial/Middlewares/ST/ARM/DSP/Lib/libarm_cortexM4lf_math.a(arm_mat_add_f32.o)
 .ARM.attributes
                0x0000082f       0x34 C:/ST/HAL_Tutorial_XT/Tutorial_FreeRTOS_2/FreeMaster_Tutorial/Middlewares/ST/ARM/DSP/Lib/libarm_cortexM4lf_math.a(arm_sin_f32.o)
 .ARM.attributes
                0x00000863       0x34 C:/ST/HAL_Tutorial_XT/Tutorial_FreeRTOS_2/FreeMaster_Tutorial/Middlewares/ST/ARM/DSP/Lib/libarm_cortexM4lf_math.a(arm_cos_f32.o)
 .ARM.attributes
                0x00000897       0x39 C:/ST/HAL_Tutorial_XT/Tutorial_FreeRTOS_2/FreeMaster_Tutorial/Middlewares/ST/ARM/DSP/Lib/libarm_cortexM4lf_math.a(arm_common_tables.o)
 .ARM.attributes
                0x000008d0       0x22 C:/ST/STM32CubeCLT_1.19.0/GNU-tools-for-STM32/bin/../lib/gcc/arm-none-eabi/13.3.1/thumb/v7e-m+fp/hard\libgcc.a(_aeabi_uldivmod.o)
 .ARM.attributes